[2024-02-03T20:54:52.332+0000][gc,heap] Heap region size: 1M
[2024-02-03T20:54:52.350+0000][gc     ] Using G1
[2024-02-03T20:54:52.351+0000][gc,heap,coops] Heap address: 0x00000000c0000000, size: 1024 MB, Compressed Oops mode: 32-bit
[2024-02-03T20:54:52.351+0000][gc,cds       ] Mark closed archive regions in map: [0x00000000fff00000, 0x00000000fff6bff8]
[2024-02-03T20:54:52.351+0000][gc,cds       ] Mark open archive regions in map: [0x00000000ffe00000, 0x00000000ffe47ff8]
[2024-02-03T20:54:53.727+0000][gc,start     ] GC(0) Pause Young (Normal) (G1 Evacuation Pause)
[2024-02-03T20:54:53.728+0000][gc,task      ] GC(0) Using 2 workers of 2 for evacuation
[2024-02-03T20:54:53.746+0000][gc,phases    ] GC(0)   Pre Evacuate Collection Set: 0.0ms
[2024-02-03T20:54:53.746+0000][gc,phases    ] GC(0)   Evacuate Collection Set: 18.1ms
[2024-02-03T20:54:53.747+0000][gc,phases    ] GC(0)   Post Evacuate Collection Set: 0.3ms
[2024-02-03T20:54:53.747+0000][gc,phases    ] GC(0)   Other: 0.8ms
[2024-02-03T20:54:53.747+0000][gc,heap      ] GC(0) Eden regions: 51->0(44)
[2024-02-03T20:54:53.747+0000][gc,heap      ] GC(0) Survivor regions: 0->7(7)
[2024-02-03T20:54:53.747+0000][gc,heap      ] GC(0) Old regions: 2->2
[2024-02-03T20:54:53.747+0000][gc,heap      ] GC(0) Humongous regions: 0->0
[2024-02-03T20:54:53.747+0000][gc,metaspace ] GC(0) Metaspace: 16579K(17280K)->16579K(17280K) NonClass: 14382K(14848K)->14382K(14848K) Class: 2197K(2432K)->2197K(2432K)
[2024-02-03T20:54:53.747+0000][gc           ] GC(0) Pause Young (Normal) (G1 Evacuation Pause) 51M->7M(1024M) 20.035ms
[2024-02-03T20:54:53.747+0000][gc,cpu       ] GC(0) User=0.02s Sys=0.00s Real=0.02s
[2024-02-03T20:54:54.152+0000][gc,start     ] GC(1) Pause Young (Concurrent Start) (Metadata GC Threshold)
[2024-02-03T20:54:54.152+0000][gc,task      ] GC(1) Using 2 workers of 2 for evacuation
[2024-02-03T20:54:54.172+0000][gc,phases    ] GC(1)   Pre Evacuate Collection Set: 0.1ms
[2024-02-03T20:54:54.172+0000][gc,phases    ] GC(1)   Evacuate Collection Set: 19.3ms
[2024-02-03T20:54:54.172+0000][gc,phases    ] GC(1)   Post Evacuate Collection Set: 0.3ms
[2024-02-03T20:54:54.172+0000][gc,phases    ] GC(1)   Other: 0.5ms
[2024-02-03T20:54:54.172+0000][gc,heap      ] GC(1) Eden regions: 17->0(50)
[2024-02-03T20:54:54.172+0000][gc,heap      ] GC(1) Survivor regions: 7->1(7)
[2024-02-03T20:54:54.172+0000][gc,heap      ] GC(1) Old regions: 2->9
[2024-02-03T20:54:54.172+0000][gc,heap      ] GC(1) Humongous regions: 0->0
[2024-02-03T20:54:54.172+0000][gc,metaspace ] GC(1) Metaspace: 20510K(21248K)->20510K(21248K) NonClass: 17736K(18176K)->17736K(18176K) Class: 2774K(3072K)->2774K(3072K)
[2024-02-03T20:54:54.172+0000][gc           ] GC(1) Pause Young (Concurrent Start) (Metadata GC Threshold) 23M->7M(1024M) 20.395ms
[2024-02-03T20:54:54.172+0000][gc,cpu       ] GC(1) User=0.02s Sys=0.00s Real=0.03s
[2024-02-03T20:54:54.172+0000][gc           ] GC(2) Concurrent Cycle
[2024-02-03T20:54:54.174+0000][gc,marking   ] GC(2) Concurrent Clear Claimed Marks
[2024-02-03T20:54:54.174+0000][gc,marking   ] GC(2) Concurrent Clear Claimed Marks 0.088ms
[2024-02-03T20:54:54.174+0000][gc,marking   ] GC(2) Concurrent Scan Root Regions
[2024-02-03T20:54:54.175+0000][gc,marking   ] GC(2) Concurrent Scan Root Regions 0.776ms
[2024-02-03T20:54:54.175+0000][gc,marking   ] GC(2) Concurrent Mark (1.847s)
[2024-02-03T20:54:54.175+0000][gc,marking   ] GC(2) Concurrent Mark From Roots
[2024-02-03T20:54:54.175+0000][gc,task      ] GC(2) Using 1 workers of 1 for marking
[2024-02-03T20:54:54.187+0000][gc,marking   ] GC(2) Concurrent Mark From Roots 12.168ms
[2024-02-03T20:54:54.187+0000][gc,marking   ] GC(2) Concurrent Preclean
[2024-02-03T20:54:54.187+0000][gc,marking   ] GC(2) Concurrent Preclean 0.095ms
[2024-02-03T20:54:54.187+0000][gc,marking   ] GC(2) Concurrent Mark (1.847s, 1.859s) 12.382ms
[2024-02-03T20:54:54.188+0000][gc,start     ] GC(2) Pause Remark
[2024-02-03T20:54:54.192+0000][gc,stringtable] GC(2) Cleaned string and symbol table, strings: 5463 processed, 0 removed, symbols: 50448 processed, 48 removed
[2024-02-03T20:54:54.193+0000][gc            ] GC(2) Pause Remark 8M->8M(1024M) 4.880ms
[2024-02-03T20:54:54.193+0000][gc,cpu        ] GC(2) User=0.00s Sys=0.00s Real=0.01s
[2024-02-03T20:54:54.193+0000][gc,marking    ] GC(2) Concurrent Rebuild Remembered Sets
[2024-02-03T20:54:54.198+0000][gc,marking    ] GC(2) Concurrent Rebuild Remembered Sets 5.240ms
[2024-02-03T20:54:54.199+0000][gc,start      ] GC(2) Pause Cleanup
[2024-02-03T20:54:54.199+0000][gc            ] GC(2) Pause Cleanup 8M->8M(1024M) 0.638ms
[2024-02-03T20:54:54.199+0000][gc,cpu        ] GC(2) User=0.00s Sys=0.00s Real=0.00s
[2024-02-03T20:54:54.199+0000][gc,marking    ] GC(2) Concurrent Cleanup for Next Mark
[2024-02-03T20:54:54.202+0000][gc,marking    ] GC(2) Concurrent Cleanup for Next Mark 2.913ms
[2024-02-03T20:54:54.203+0000][gc            ] GC(2) Concurrent Cycle 30.324ms
[2024-02-03T20:54:55.166+0000][gc,start      ] GC(3) Pause Young (Normal) (G1 Evacuation Pause)
[2024-02-03T20:54:55.166+0000][gc,task       ] GC(3) Using 2 workers of 2 for evacuation
[2024-02-03T20:54:55.173+0000][gc,phases     ] GC(3)   Pre Evacuate Collection Set: 0.0ms
[2024-02-03T20:54:55.173+0000][gc,phases     ] GC(3)   Evacuate Collection Set: 6.9ms
[2024-02-03T20:54:55.173+0000][gc,phases     ] GC(3)   Post Evacuate Collection Set: 0.4ms
[2024-02-03T20:54:55.173+0000][gc,phases     ] GC(3)   Other: 0.1ms
[2024-02-03T20:54:55.173+0000][gc,heap       ] GC(3) Eden regions: 50->0(46)
[2024-02-03T20:54:55.173+0000][gc,heap       ] GC(3) Survivor regions: 1->5(7)
[2024-02-03T20:54:55.173+0000][gc,heap       ] GC(3) Old regions: 9->9
[2024-02-03T20:54:55.173+0000][gc,heap       ] GC(3) Humongous regions: 129->129
[2024-02-03T20:54:55.173+0000][gc,metaspace  ] GC(3) Metaspace: 30329K(31616K)->30329K(31616K) NonClass: 26565K(27392K)->26565K(27392K) Class: 3763K(4224K)->3763K(4224K)
[2024-02-03T20:54:55.173+0000][gc            ] GC(3) Pause Young (Normal) (G1 Evacuation Pause) 186M->140M(1024M) 7.771ms
[2024-02-03T20:54:55.173+0000][gc,cpu        ] GC(3) User=0.02s Sys=0.00s Real=0.01s
[2024-02-03T20:55:13.565+0000][gc,start      ] GC(4) Pause Young (Concurrent Start) (Metadata GC Threshold)
[2024-02-03T20:55:13.565+0000][gc,task       ] GC(4) Using 2 workers of 2 for evacuation
[2024-02-03T20:55:13.592+0000][gc,mmu        ] GC(4) MMU target violated: 21.0ms (20.0ms/21.0ms)
[2024-02-03T20:55:13.592+0000][gc,phases     ] GC(4)   Pre Evacuate Collection Set: 0.1ms
[2024-02-03T20:55:13.592+0000][gc,phases     ] GC(4)   Evacuate Collection Set: 25.5ms
[2024-02-03T20:55:13.592+0000][gc,phases     ] GC(4)   Post Evacuate Collection Set: 0.3ms
[2024-02-03T20:55:13.592+0000][gc,phases     ] GC(4)   Other: 0.3ms
[2024-02-03T20:55:13.592+0000][gc,heap       ] GC(4) Eden regions: 19->0(50)
[2024-02-03T20:55:13.592+0000][gc,heap       ] GC(4) Survivor regions: 5->1(7)
[2024-02-03T20:55:13.592+0000][gc,heap       ] GC(4) Old regions: 9->13
[2024-02-03T20:55:13.592+0000][gc,heap       ] GC(4) Humongous regions: 129->129
[2024-02-03T20:55:13.592+0000][gc,metaspace  ] GC(4) Metaspace: 34308K(35840K)->34308K(35840K) NonClass: 29929K(30720K)->29929K(30720K) Class: 4378K(5120K)->4378K(5120K)
[2024-02-03T20:55:13.592+0000][gc            ] GC(4) Pause Young (Concurrent Start) (Metadata GC Threshold) 159M->141M(1024M) 26.395ms
[2024-02-03T20:55:13.592+0000][gc,cpu        ] GC(4) User=0.04s Sys=0.00s Real=0.02s
[2024-02-03T20:55:13.592+0000][gc            ] GC(5) Concurrent Cycle
[2024-02-03T20:55:13.592+0000][gc,marking    ] GC(5) Concurrent Clear Claimed Marks
[2024-02-03T20:55:13.592+0000][gc,marking    ] GC(5) Concurrent Clear Claimed Marks 0.072ms
[2024-02-03T20:55:13.592+0000][gc,marking    ] GC(5) Concurrent Scan Root Regions
[2024-02-03T20:55:13.594+0000][gc,marking    ] GC(5) Concurrent Scan Root Regions 1.532ms
[2024-02-03T20:55:13.594+0000][gc,marking    ] GC(5) Concurrent Mark (21.266s)
[2024-02-03T20:55:13.594+0000][gc,marking    ] GC(5) Concurrent Mark From Roots
[2024-02-03T20:55:13.594+0000][gc,task       ] GC(5) Using 1 workers of 1 for marking
[2024-02-03T20:55:13.612+0000][gc,marking    ] GC(5) Concurrent Mark From Roots 18.294ms
[2024-02-03T20:55:13.612+0000][gc,marking    ] GC(5) Concurrent Preclean
[2024-02-03T20:55:13.612+0000][gc,marking    ] GC(5) Concurrent Preclean 0.087ms
[2024-02-03T20:55:13.612+0000][gc,marking    ] GC(5) Concurrent Mark (21.266s, 21.284s) 18.474ms
[2024-02-03T20:55:13.613+0000][gc,start      ] GC(5) Pause Remark
[2024-02-03T20:55:13.620+0000][gc,stringtable] GC(5) Cleaned string and symbol table, strings: 10157 processed, 11 removed, symbols: 80138 processed, 26 removed
[2024-02-03T20:55:13.621+0000][gc            ] GC(5) Pause Remark 142M->142M(1024M) 7.965ms
[2024-02-03T20:55:13.621+0000][gc,cpu        ] GC(5) User=0.01s Sys=0.00s Real=0.01s
[2024-02-03T20:55:13.621+0000][gc,marking    ] GC(5) Concurrent Rebuild Remembered Sets
[2024-02-03T20:55:13.631+0000][gc,marking    ] GC(5) Concurrent Rebuild Remembered Sets 9.812ms
[2024-02-03T20:55:13.631+0000][gc,start      ] GC(5) Pause Cleanup
[2024-02-03T20:55:13.631+0000][gc            ] GC(5) Pause Cleanup 142M->142M(1024M) 0.284ms
[2024-02-03T20:55:13.631+0000][gc,cpu        ] GC(5) User=0.00s Sys=0.00s Real=0.00s
[2024-02-03T20:55:13.633+0000][gc,marking    ] GC(5) Concurrent Cleanup for Next Mark
[2024-02-03T20:55:13.644+0000][gc,marking    ] GC(5) Concurrent Cleanup for Next Mark 11.139ms
[2024-02-03T20:55:13.644+0000][gc            ] GC(5) Concurrent Cycle 52.067ms
[2024-02-03T21:04:26.192+0000][gc,heap,exit  ] Heap
[2024-02-03T21:04:26.192+0000][gc,heap,exit  ]  garbage-first heap   total 1048576K, used 172636K [0x00000000c0000000, 0x0000000100000000)
[2024-02-03T21:04:26.192+0000][gc,heap,exit  ]   region size 1024K, 30 young (30720K), 1 survivors (1024K)
[2024-02-03T21:04:26.192+0000][gc,heap,exit  ]  Metaspace       used 37623K, capacity 39464K, committed 39680K, reserved 1083392K
[2024-02-03T21:04:26.192+0000][gc,heap,exit  ]   class space    used 4919K, capacity 5783K, committed 5888K, reserved 1048576K
