[2024-02-06T18:54:56.006+0000][gc,heap] Heap region size: 1M
[2024-02-06T18:54:56.031+0000][gc     ] Using G1
[2024-02-06T18:54:56.032+0000][gc,heap,coops] Heap address: 0x00000000c0000000, size: 1024 MB, Compressed Oops mode: 32-bit
[2024-02-06T18:54:56.032+0000][gc,cds       ] Mark closed archive regions in map: [0x00000000fff00000, 0x00000000fff6bff8]
[2024-02-06T18:54:56.032+0000][gc,cds       ] Mark open archive regions in map: [0x00000000ffe00000, 0x00000000ffe47ff8]
[2024-02-06T18:54:57.929+0000][gc,start     ] GC(0) Pause Young (Normal) (G1 Evacuation Pause)
[2024-02-06T18:54:57.929+0000][gc,task      ] GC(0) Using 2 workers of 2 for evacuation
[2024-02-06T18:54:57.939+0000][gc,phases    ] GC(0)   Pre Evacuate Collection Set: 0.0ms
[2024-02-06T18:54:57.939+0000][gc,phases    ] GC(0)   Evacuate Collection Set: 9.4ms
[2024-02-06T18:54:57.939+0000][gc,phases    ] GC(0)   Post Evacuate Collection Set: 0.4ms
[2024-02-06T18:54:57.939+0000][gc,phases    ] GC(0)   Other: 0.3ms
[2024-02-06T18:54:57.939+0000][gc,heap      ] GC(0) Eden regions: 51->0(44)
[2024-02-06T18:54:57.939+0000][gc,heap      ] GC(0) Survivor regions: 0->7(7)
[2024-02-06T18:54:57.939+0000][gc,heap      ] GC(0) Old regions: 2->2
[2024-02-06T18:54:57.939+0000][gc,heap      ] GC(0) Humongous regions: 0->0
[2024-02-06T18:54:57.939+0000][gc,metaspace ] GC(0) Metaspace: 16784K(17536K)->16784K(17536K) NonClass: 14568K(15104K)->14568K(15104K) Class: 2215K(2432K)->2215K(2432K)
[2024-02-06T18:54:57.939+0000][gc           ] GC(0) Pause Young (Normal) (G1 Evacuation Pause) 51M->7M(1024M) 10.234ms
[2024-02-06T18:54:57.939+0000][gc,cpu       ] GC(0) User=0.02s Sys=0.00s Real=0.01s
[2024-02-06T18:54:58.324+0000][gc,start     ] GC(1) Pause Young (Concurrent Start) (Metadata GC Threshold)
[2024-02-06T18:54:58.324+0000][gc,task      ] GC(1) Using 2 workers of 2 for evacuation
[2024-02-06T18:54:58.338+0000][gc,phases    ] GC(1)   Pre Evacuate Collection Set: 0.1ms
[2024-02-06T18:54:58.339+0000][gc,phases    ] GC(1)   Evacuate Collection Set: 13.9ms
[2024-02-06T18:54:58.339+0000][gc,phases    ] GC(1)   Post Evacuate Collection Set: 0.2ms
[2024-02-06T18:54:58.339+0000][gc,phases    ] GC(1)   Other: 0.3ms
[2024-02-06T18:54:58.339+0000][gc,heap      ] GC(1) Eden regions: 17->0(50)
[2024-02-06T18:54:58.339+0000][gc,heap      ] GC(1) Survivor regions: 7->1(7)
[2024-02-06T18:54:58.339+0000][gc,heap      ] GC(1) Old regions: 2->9
[2024-02-06T18:54:58.339+0000][gc,heap      ] GC(1) Humongous regions: 0->0
[2024-02-06T18:54:58.339+0000][gc,metaspace ] GC(1) Metaspace: 20583K(21296K)->20583K(21296K) NonClass: 17768K(18224K)->17768K(18224K) Class: 2814K(3072K)->2814K(3072K)
[2024-02-06T18:54:58.339+0000][gc           ] GC(1) Pause Young (Concurrent Start) (Metadata GC Threshold) 23M->7M(1024M) 15.100ms
[2024-02-06T18:54:58.339+0000][gc,cpu       ] GC(1) User=0.02s Sys=0.00s Real=0.01s
[2024-02-06T18:54:58.339+0000][gc           ] GC(2) Concurrent Cycle
[2024-02-06T18:54:58.339+0000][gc,marking   ] GC(2) Concurrent Clear Claimed Marks
[2024-02-06T18:54:58.339+0000][gc,marking   ] GC(2) Concurrent Clear Claimed Marks 0.031ms
[2024-02-06T18:54:58.339+0000][gc,marking   ] GC(2) Concurrent Scan Root Regions
[2024-02-06T18:54:58.340+0000][gc,marking   ] GC(2) Concurrent Scan Root Regions 0.712ms
[2024-02-06T18:54:58.340+0000][gc,marking   ] GC(2) Concurrent Mark (2.339s)
[2024-02-06T18:54:58.340+0000][gc,marking   ] GC(2) Concurrent Mark From Roots
[2024-02-06T18:54:58.340+0000][gc,task      ] GC(2) Using 1 workers of 1 for marking
[2024-02-06T18:54:58.355+0000][gc,marking   ] GC(2) Concurrent Mark From Roots 15.018ms
[2024-02-06T18:54:58.355+0000][gc,marking   ] GC(2) Concurrent Preclean
[2024-02-06T18:54:58.355+0000][gc,marking   ] GC(2) Concurrent Preclean 0.087ms
[2024-02-06T18:54:58.355+0000][gc,marking   ] GC(2) Concurrent Mark (2.339s, 2.354s) 15.246ms
[2024-02-06T18:54:58.356+0000][gc,start     ] GC(2) Pause Remark
[2024-02-06T18:54:58.359+0000][gc,stringtable] GC(2) Cleaned string and symbol table, strings: 5530 processed, 0 removed, symbols: 50557 processed, 50 removed
[2024-02-06T18:54:58.359+0000][gc            ] GC(2) Pause Remark 8M->8M(1024M) 3.653ms
[2024-02-06T18:54:58.359+0000][gc,cpu        ] GC(2) User=0.01s Sys=0.00s Real=0.00s
[2024-02-06T18:54:58.361+0000][gc,marking    ] GC(2) Concurrent Rebuild Remembered Sets
[2024-02-06T18:54:58.372+0000][gc,marking    ] GC(2) Concurrent Rebuild Remembered Sets 10.954ms
[2024-02-06T18:54:58.375+0000][gc,start      ] GC(2) Pause Cleanup
[2024-02-06T18:54:58.376+0000][gc            ] GC(2) Pause Cleanup 8M->8M(1024M) 0.258ms
[2024-02-06T18:54:58.376+0000][gc,cpu        ] GC(2) User=0.00s Sys=0.00s Real=0.00s
[2024-02-06T18:54:58.376+0000][gc,marking    ] GC(2) Concurrent Cleanup for Next Mark
[2024-02-06T18:54:58.384+0000][gc,marking    ] GC(2) Concurrent Cleanup for Next Mark 8.298ms
[2024-02-06T18:54:58.384+0000][gc            ] GC(2) Concurrent Cycle 45.010ms
[2024-02-06T18:54:59.801+0000][gc,start      ] GC(3) Pause Young (Normal) (G1 Evacuation Pause)
[2024-02-06T18:54:59.801+0000][gc,task       ] GC(3) Using 2 workers of 2 for evacuation
[2024-02-06T18:54:59.810+0000][gc,phases     ] GC(3)   Pre Evacuate Collection Set: 0.0ms
[2024-02-06T18:54:59.810+0000][gc,phases     ] GC(3)   Evacuate Collection Set: 7.8ms
[2024-02-06T18:54:59.810+0000][gc,phases     ] GC(3)   Post Evacuate Collection Set: 0.2ms
[2024-02-06T18:54:59.810+0000][gc,phases     ] GC(3)   Other: 0.2ms
[2024-02-06T18:54:59.810+0000][gc,heap       ] GC(3) Eden regions: 50->0(46)
[2024-02-06T18:54:59.810+0000][gc,heap       ] GC(3) Survivor regions: 1->5(7)
[2024-02-06T18:54:59.810+0000][gc,heap       ] GC(3) Old regions: 9->9
[2024-02-06T18:54:59.810+0000][gc,heap       ] GC(3) Humongous regions: 129->129
[2024-02-06T18:54:59.810+0000][gc,metaspace  ] GC(3) Metaspace: 30385K(31616K)->30385K(31616K) NonClass: 26621K(27392K)->26621K(27392K) Class: 3764K(4224K)->3764K(4224K)
[2024-02-06T18:54:59.810+0000][gc            ] GC(3) Pause Young (Normal) (G1 Evacuation Pause) 186M->140M(1024M) 8.647ms
[2024-02-06T18:54:59.810+0000][gc,cpu        ] GC(3) User=0.02s Sys=0.00s Real=0.01s
[2024-02-06T18:55:21.499+0000][gc,start      ] GC(4) Pause Young (Concurrent Start) (Metadata GC Threshold)
[2024-02-06T18:55:21.500+0000][gc,task       ] GC(4) Using 2 workers of 2 for evacuation
[2024-02-06T18:55:21.508+0000][gc,phases     ] GC(4)   Pre Evacuate Collection Set: 0.1ms
[2024-02-06T18:55:21.508+0000][gc,phases     ] GC(4)   Evacuate Collection Set: 7.6ms
[2024-02-06T18:55:21.508+0000][gc,phases     ] GC(4)   Post Evacuate Collection Set: 0.3ms
[2024-02-06T18:55:21.508+0000][gc,phases     ] GC(4)   Other: 0.3ms
[2024-02-06T18:55:21.508+0000][gc,heap       ] GC(4) Eden regions: 19->0(49)
[2024-02-06T18:55:21.508+0000][gc,heap       ] GC(4) Survivor regions: 5->2(7)
[2024-02-06T18:55:21.508+0000][gc,heap       ] GC(4) Old regions: 9->13
[2024-02-06T18:55:21.508+0000][gc,heap       ] GC(4) Humongous regions: 129->129
[2024-02-06T18:55:21.509+0000][gc,metaspace  ] GC(4) Metaspace: 34256K(35708K)->34256K(35708K) NonClass: 29907K(30716K)->29907K(30716K) Class: 4348K(4992K)->4348K(4992K)
[2024-02-06T18:55:21.509+0000][gc            ] GC(4) Pause Young (Concurrent Start) (Metadata GC Threshold) 159M->141M(1024M) 9.111ms
[2024-02-06T18:55:21.509+0000][gc,cpu        ] GC(4) User=0.02s Sys=0.00s Real=0.01s
[2024-02-06T18:55:21.509+0000][gc            ] GC(5) Concurrent Cycle
[2024-02-06T18:55:21.509+0000][gc,marking    ] GC(5) Concurrent Clear Claimed Marks
[2024-02-06T18:55:21.509+0000][gc,marking    ] GC(5) Concurrent Clear Claimed Marks 0.059ms
[2024-02-06T18:55:21.509+0000][gc,marking    ] GC(5) Concurrent Scan Root Regions
[2024-02-06T18:55:21.510+0000][gc,marking    ] GC(5) Concurrent Scan Root Regions 1.244ms
[2024-02-06T18:55:21.510+0000][gc,marking    ] GC(5) Concurrent Mark (25.509s)
[2024-02-06T18:55:21.510+0000][gc,marking    ] GC(5) Concurrent Mark From Roots
[2024-02-06T18:55:21.510+0000][gc,task       ] GC(5) Using 1 workers of 1 for marking
[2024-02-06T18:55:21.549+0000][gc,marking    ] GC(5) Concurrent Mark From Roots 38.558ms
[2024-02-06T18:55:21.549+0000][gc,marking    ] GC(5) Concurrent Preclean
[2024-02-06T18:55:21.549+0000][gc,marking    ] GC(5) Concurrent Preclean 0.306ms
[2024-02-06T18:55:21.549+0000][gc,marking    ] GC(5) Concurrent Mark (25.509s, 25.548s) 39.133ms
[2024-02-06T18:55:21.550+0000][gc,start      ] GC(5) Pause Remark
[2024-02-06T18:55:21.556+0000][gc,stringtable] GC(5) Cleaned string and symbol table, strings: 10077 processed, 11 removed, symbols: 80318 processed, 27 removed
[2024-02-06T18:55:21.556+0000][gc            ] GC(5) Pause Remark 143M->143M(1024M) 6.169ms
[2024-02-06T18:55:21.556+0000][gc,cpu        ] GC(5) User=0.02s Sys=0.00s Real=0.01s
[2024-02-06T18:55:21.556+0000][gc,marking    ] GC(5) Concurrent Rebuild Remembered Sets
[2024-02-06T18:55:21.565+0000][gc,marking    ] GC(5) Concurrent Rebuild Remembered Sets 9.415ms
[2024-02-06T18:55:21.566+0000][gc,start      ] GC(5) Pause Cleanup
[2024-02-06T18:55:21.566+0000][gc            ] GC(5) Pause Cleanup 143M->143M(1024M) 0.310ms
[2024-02-06T18:55:21.566+0000][gc,cpu        ] GC(5) User=0.00s Sys=0.00s Real=0.00s
[2024-02-06T18:55:21.566+0000][gc,marking    ] GC(5) Concurrent Cleanup for Next Mark
[2024-02-06T18:55:21.576+0000][gc,marking    ] GC(5) Concurrent Cleanup for Next Mark 9.976ms
[2024-02-06T18:55:21.576+0000][gc            ] GC(5) Concurrent Cycle 67.579ms
[2024-02-06T19:10:53.359+0000][gc,start      ] GC(6) Pause Young (Concurrent Start) (G1 Evacuation Pause)
[2024-02-06T19:10:53.359+0000][gc,task       ] GC(6) Using 2 workers of 2 for evacuation
[2024-02-06T19:10:53.368+0000][gc,phases     ] GC(6)   Pre Evacuate Collection Set: 0.2ms
[2024-02-06T19:10:53.368+0000][gc,phases     ] GC(6)   Evacuate Collection Set: 7.3ms
[2024-02-06T19:10:53.368+0000][gc,phases     ] GC(6)   Post Evacuate Collection Set: 0.4ms
[2024-02-06T19:10:53.368+0000][gc,phases     ] GC(6)   Other: 0.6ms
[2024-02-06T19:10:53.368+0000][gc,heap       ] GC(6) Eden regions: 49->0(48)
[2024-02-06T19:10:53.368+0000][gc,heap       ] GC(6) Survivor regions: 2->3(7)
[2024-02-06T19:10:53.368+0000][gc,heap       ] GC(6) Old regions: 13->13
[2024-02-06T19:10:53.368+0000][gc,heap       ] GC(6) Humongous regions: 129->129
[2024-02-06T19:10:53.368+0000][gc,metaspace  ] GC(6) Metaspace: 38958K(41032K)->38958K(41032K) NonClass: 33947K(35016K)->33947K(35016K) Class: 5010K(6016K)->5010K(6016K)
[2024-02-06T19:10:53.368+0000][gc            ] GC(6) Pause Young (Concurrent Start) (G1 Evacuation Pause) 190M->143M(1024M) 8.666ms
[2024-02-06T19:10:53.368+0000][gc,cpu        ] GC(6) User=0.01s Sys=0.00s Real=0.01s
[2024-02-06T19:10:53.368+0000][gc            ] GC(7) Concurrent Cycle
[2024-02-06T19:10:53.368+0000][gc,marking    ] GC(7) Concurrent Clear Claimed Marks
[2024-02-06T19:10:53.368+0000][gc,marking    ] GC(7) Concurrent Clear Claimed Marks 0.062ms
[2024-02-06T19:10:53.368+0000][gc,marking    ] GC(7) Concurrent Scan Root Regions
[2024-02-06T19:10:53.371+0000][gc,marking    ] GC(7) Concurrent Scan Root Regions 3.071ms
[2024-02-06T19:10:53.371+0000][gc,marking    ] GC(7) Concurrent Mark (957.370s)
[2024-02-06T19:10:53.371+0000][gc,marking    ] GC(7) Concurrent Mark From Roots
[2024-02-06T19:10:53.371+0000][gc,task       ] GC(7) Using 1 workers of 1 for marking
[2024-02-06T19:10:53.383+0000][gc,marking    ] GC(7) Concurrent Mark From Roots 11.702ms
[2024-02-06T19:10:53.383+0000][gc,marking    ] GC(7) Concurrent Preclean
[2024-02-06T19:10:53.383+0000][gc,marking    ] GC(7) Concurrent Preclean 0.175ms
[2024-02-06T19:10:53.383+0000][gc,marking    ] GC(7) Concurrent Mark (957.370s, 957.382s) 11.944ms
[2024-02-06T19:10:53.383+0000][gc,start      ] GC(7) Pause Remark
[2024-02-06T19:10:53.394+0000][gc,stringtable] GC(7) Cleaned string and symbol table, strings: 11607 processed, 298 removed, symbols: 83798 processed, 7 removed
[2024-02-06T19:10:53.394+0000][gc            ] GC(7) Pause Remark 144M->144M(1024M) 10.529ms
[2024-02-06T19:10:53.394+0000][gc,cpu        ] GC(7) User=0.01s Sys=0.01s Real=0.01s
[2024-02-06T19:10:53.394+0000][gc,marking    ] GC(7) Concurrent Rebuild Remembered Sets
[2024-02-06T19:10:53.400+0000][gc,marking    ] GC(7) Concurrent Rebuild Remembered Sets 5.715ms
[2024-02-06T19:10:53.400+0000][gc,start      ] GC(7) Pause Cleanup
[2024-02-06T19:10:53.400+0000][gc            ] GC(7) Pause Cleanup 144M->144M(1024M) 0.107ms
[2024-02-06T19:10:53.400+0000][gc,cpu        ] GC(7) User=0.00s Sys=0.00s Real=0.00s
[2024-02-06T19:10:53.400+0000][gc,marking    ] GC(7) Concurrent Cleanup for Next Mark
[2024-02-06T19:10:53.401+0000][gc,marking    ] GC(7) Concurrent Cleanup for Next Mark 0.847ms
[2024-02-06T19:10:53.401+0000][gc            ] GC(7) Concurrent Cycle 32.879ms
[2024-02-06T19:39:21.617+0000][gc,start      ] GC(8) Pause Young (Normal) (G1 Evacuation Pause)
[2024-02-06T19:39:21.617+0000][gc,task       ] GC(8) Using 2 workers of 2 for evacuation
[2024-02-06T19:39:21.635+0000][gc,phases     ] GC(8)   Pre Evacuate Collection Set: 0.0ms
[2024-02-06T19:39:21.635+0000][gc,phases     ] GC(8)   Evacuate Collection Set: 16.7ms
[2024-02-06T19:39:21.635+0000][gc,phases     ] GC(8)   Post Evacuate Collection Set: 1.1ms
[2024-02-06T19:39:21.635+0000][gc,phases     ] GC(8)   Other: 0.2ms
[2024-02-06T19:39:21.635+0000][gc,heap       ] GC(8) Eden regions: 48->0(47)
[2024-02-06T19:39:21.635+0000][gc,heap       ] GC(8) Survivor regions: 3->4(7)
[2024-02-06T19:39:21.635+0000][gc,heap       ] GC(8) Old regions: 13->13
[2024-02-06T19:39:21.635+0000][gc,heap       ] GC(8) Humongous regions: 129->129
[2024-02-06T19:39:21.635+0000][gc,metaspace  ] GC(8) Metaspace: 39673K(41800K)->39673K(41800K) NonClass: 34676K(35784K)->34676K(35784K) Class: 4996K(6016K)->4996K(6016K)
[2024-02-06T19:39:21.635+0000][gc            ] GC(8) Pause Young (Normal) (G1 Evacuation Pause) 191M->143M(1024M) 18.102ms
[2024-02-06T19:39:21.635+0000][gc,cpu        ] GC(8) User=0.01s Sys=0.00s Real=0.02s
[2024-02-06T20:09:28.388+0000][gc,start      ] GC(9) Pause Young (Normal) (G1 Evacuation Pause)
[2024-02-06T20:09:28.388+0000][gc,task       ] GC(9) Using 2 workers of 2 for evacuation
[2024-02-06T20:09:28.394+0000][gc,phases     ] GC(9)   Pre Evacuate Collection Set: 0.0ms
[2024-02-06T20:09:28.394+0000][gc,phases     ] GC(9)   Evacuate Collection Set: 5.4ms
[2024-02-06T20:09:28.394+0000][gc,phases     ] GC(9)   Post Evacuate Collection Set: 0.3ms
[2024-02-06T20:09:28.394+0000][gc,phases     ] GC(9)   Other: 0.2ms
[2024-02-06T20:09:28.394+0000][gc,heap       ] GC(9) Eden regions: 47->0(47)
[2024-02-06T20:09:28.394+0000][gc,heap       ] GC(9) Survivor regions: 4->4(7)
[2024-02-06T20:09:28.394+0000][gc,heap       ] GC(9) Old regions: 13->13
[2024-02-06T20:09:28.394+0000][gc,heap       ] GC(9) Humongous regions: 129->129
[2024-02-06T20:09:28.394+0000][gc,metaspace  ] GC(9) Metaspace: 39798K(41800K)->39798K(41800K) NonClass: 34791K(35784K)->34791K(35784K) Class: 5007K(6016K)->5007K(6016K)
[2024-02-06T20:09:28.394+0000][gc            ] GC(9) Pause Young (Normal) (G1 Evacuation Pause) 190M->144M(1024M) 6.017ms
[2024-02-06T20:09:28.394+0000][gc,cpu        ] GC(9) User=0.01s Sys=0.00s Real=0.00s
[2024-02-06T20:39:46.617+0000][gc,start      ] GC(10) Pause Young (Normal) (G1 Evacuation Pause)
[2024-02-06T20:39:46.617+0000][gc,task       ] GC(10) Using 2 workers of 2 for evacuation
[2024-02-06T20:39:46.625+0000][gc,phases     ] GC(10)   Pre Evacuate Collection Set: 0.0ms
[2024-02-06T20:39:46.625+0000][gc,phases     ] GC(10)   Evacuate Collection Set: 6.2ms
[2024-02-06T20:39:46.625+0000][gc,phases     ] GC(10)   Post Evacuate Collection Set: 0.7ms
[2024-02-06T20:39:46.625+0000][gc,phases     ] GC(10)   Other: 0.4ms
[2024-02-06T20:39:46.625+0000][gc,heap       ] GC(10) Eden regions: 47->0(46)
[2024-02-06T20:39:46.625+0000][gc,heap       ] GC(10) Survivor regions: 4->5(7)
[2024-02-06T20:39:46.625+0000][gc,heap       ] GC(10) Old regions: 13->13
[2024-02-06T20:39:46.625+0000][gc,heap       ] GC(10) Humongous regions: 129->129
[2024-02-06T20:39:46.625+0000][gc,metaspace  ] GC(10) Metaspace: 39856K(42056K)->39856K(42056K) NonClass: 34848K(36040K)->34848K(36040K) Class: 5007K(6016K)->5007K(6016K)
[2024-02-06T20:39:46.625+0000][gc            ] GC(10) Pause Young (Normal) (G1 Evacuation Pause) 191M->144M(1024M) 7.467ms
[2024-02-06T20:39:46.625+0000][gc,cpu        ] GC(10) User=0.01s Sys=0.00s Real=0.01s
[2024-02-06T21:00:04.954+0000][gc,start      ] GC(11) Pause Young (Normal) (G1 Evacuation Pause)
[2024-02-06T21:00:04.954+0000][gc,task       ] GC(11) Using 2 workers of 2 for evacuation
[2024-02-06T21:00:04.969+0000][gc,phases     ] GC(11)   Pre Evacuate Collection Set: 0.0ms
[2024-02-06T21:00:04.969+0000][gc,phases     ] GC(11)   Evacuate Collection Set: 14.2ms
[2024-02-06T21:00:04.969+0000][gc,phases     ] GC(11)   Post Evacuate Collection Set: 0.7ms
[2024-02-06T21:00:04.969+0000][gc,phases     ] GC(11)   Other: 0.2ms
[2024-02-06T21:00:04.969+0000][gc,heap       ] GC(11) Eden regions: 46->0(47)
[2024-02-06T21:00:04.969+0000][gc,heap       ] GC(11) Survivor regions: 5->4(7)
[2024-02-06T21:00:04.969+0000][gc,heap       ] GC(11) Old regions: 13->14
[2024-02-06T21:00:04.969+0000][gc,heap       ] GC(11) Humongous regions: 129->129
[2024-02-06T21:00:04.969+0000][gc,metaspace  ] GC(11) Metaspace: 39955K(42056K)->39955K(42056K) NonClass: 34948K(36040K)->34948K(36040K) Class: 5007K(6016K)->5007K(6016K)
[2024-02-06T21:00:04.969+0000][gc            ] GC(11) Pause Young (Normal) (G1 Evacuation Pause) 190M->145M(1024M) 15.330ms
[2024-02-06T21:00:04.969+0000][gc,cpu        ] GC(11) User=0.02s Sys=0.00s Real=0.02s
[2024-02-06T21:01:29.581+0000][gc,start      ] GC(12) Pause Young (Normal) (G1 Evacuation Pause)
[2024-02-06T21:01:29.582+0000][gc,task       ] GC(12) Using 2 workers of 2 for evacuation
[2024-02-06T21:01:29.588+0000][gc,phases     ] GC(12)   Pre Evacuate Collection Set: 0.0ms
[2024-02-06T21:01:29.588+0000][gc,phases     ] GC(12)   Evacuate Collection Set: 5.5ms
[2024-02-06T21:01:29.588+0000][gc,phases     ] GC(12)   Post Evacuate Collection Set: 0.5ms
[2024-02-06T21:01:29.588+0000][gc,phases     ] GC(12)   Other: 0.2ms
[2024-02-06T21:01:29.588+0000][gc,heap       ] GC(12) Eden regions: 47->0(47)
[2024-02-06T21:01:29.588+0000][gc,heap       ] GC(12) Survivor regions: 4->4(7)
[2024-02-06T21:01:29.588+0000][gc,heap       ] GC(12) Old regions: 14->14
[2024-02-06T21:01:29.588+0000][gc,heap       ] GC(12) Humongous regions: 129->129
[2024-02-06T21:01:29.588+0000][gc,metaspace  ] GC(12) Metaspace: 39963K(42056K)->39963K(42056K) NonClass: 34955K(36040K)->34955K(36040K) Class: 5008K(6016K)->5008K(6016K)
[2024-02-06T21:01:29.588+0000][gc            ] GC(12) Pause Young (Normal) (G1 Evacuation Pause) 192M->144M(1024M) 6.379ms
[2024-02-06T21:01:29.588+0000][gc,cpu        ] GC(12) User=0.01s Sys=0.00s Real=0.01s
[2024-02-06T21:02:59.269+0000][gc,start      ] GC(13) Pause Young (Normal) (G1 Evacuation Pause)
[2024-02-06T21:02:59.269+0000][gc,task       ] GC(13) Using 2 workers of 2 for evacuation
[2024-02-06T21:02:59.275+0000][gc,phases     ] GC(13)   Pre Evacuate Collection Set: 0.0ms
[2024-02-06T21:02:59.275+0000][gc,phases     ] GC(13)   Evacuate Collection Set: 5.7ms
[2024-02-06T21:02:59.275+0000][gc,phases     ] GC(13)   Post Evacuate Collection Set: 0.7ms
[2024-02-06T21:02:59.275+0000][gc,phases     ] GC(13)   Other: 0.2ms
[2024-02-06T21:02:59.275+0000][gc,heap       ] GC(13) Eden regions: 47->0(47)
[2024-02-06T21:02:59.275+0000][gc,heap       ] GC(13) Survivor regions: 4->4(7)
[2024-02-06T21:02:59.275+0000][gc,heap       ] GC(13) Old regions: 14->14
[2024-02-06T21:02:59.275+0000][gc,heap       ] GC(13) Humongous regions: 129->129
[2024-02-06T21:02:59.275+0000][gc,metaspace  ] GC(13) Metaspace: 39995K(42056K)->39995K(42056K) NonClass: 34987K(36040K)->34987K(36040K) Class: 5008K(6016K)->5008K(6016K)
[2024-02-06T21:02:59.275+0000][gc            ] GC(13) Pause Young (Normal) (G1 Evacuation Pause) 191M->144M(1024M) 6.692ms
[2024-02-06T21:02:59.275+0000][gc,cpu        ] GC(13) User=0.01s Sys=0.00s Real=0.01s
[2024-02-06T21:04:28.385+0000][gc,start      ] GC(14) Pause Young (Normal) (G1 Evacuation Pause)
[2024-02-06T21:04:28.385+0000][gc,task       ] GC(14) Using 2 workers of 2 for evacuation
[2024-02-06T21:04:28.391+0000][gc,phases     ] GC(14)   Pre Evacuate Collection Set: 0.0ms
[2024-02-06T21:04:28.391+0000][gc,phases     ] GC(14)   Evacuate Collection Set: 5.5ms
[2024-02-06T21:04:28.391+0000][gc,phases     ] GC(14)   Post Evacuate Collection Set: 0.6ms
[2024-02-06T21:04:28.392+0000][gc,phases     ] GC(14)   Other: 0.2ms
[2024-02-06T21:04:28.392+0000][gc,heap       ] GC(14) Eden regions: 47->0(50)
[2024-02-06T21:04:28.392+0000][gc,heap       ] GC(14) Survivor regions: 4->4(7)
[2024-02-06T21:04:28.392+0000][gc,heap       ] GC(14) Old regions: 14->14
[2024-02-06T21:04:28.392+0000][gc,heap       ] GC(14) Humongous regions: 129->129
[2024-02-06T21:04:28.392+0000][gc,metaspace  ] GC(14) Metaspace: 40007K(42056K)->40007K(42056K) NonClass: 34999K(36040K)->34999K(36040K) Class: 5008K(6016K)->5008K(6016K)
[2024-02-06T21:04:28.392+0000][gc            ] GC(14) Pause Young (Normal) (G1 Evacuation Pause) 191M->144M(1024M) 6.501ms
[2024-02-06T21:04:28.392+0000][gc,cpu        ] GC(14) User=0.01s Sys=0.00s Real=0.00s
[2024-02-06T21:06:04.423+0000][gc,start      ] GC(15) Pause Young (Normal) (G1 Evacuation Pause)
[2024-02-06T21:06:04.423+0000][gc,task       ] GC(15) Using 2 workers of 2 for evacuation
[2024-02-06T21:06:04.430+0000][gc,phases     ] GC(15)   Pre Evacuate Collection Set: 0.0ms
[2024-02-06T21:06:04.430+0000][gc,phases     ] GC(15)   Evacuate Collection Set: 5.7ms
[2024-02-06T21:06:04.430+0000][gc,phases     ] GC(15)   Post Evacuate Collection Set: 0.7ms
[2024-02-06T21:06:04.430+0000][gc,phases     ] GC(15)   Other: 0.2ms
[2024-02-06T21:06:04.430+0000][gc,heap       ] GC(15) Eden regions: 50->0(55)
[2024-02-06T21:06:04.430+0000][gc,heap       ] GC(15) Survivor regions: 4->4(7)
[2024-02-06T21:06:04.430+0000][gc,heap       ] GC(15) Old regions: 14->14
[2024-02-06T21:06:04.430+0000][gc,heap       ] GC(15) Humongous regions: 129->129
[2024-02-06T21:06:04.430+0000][gc,metaspace  ] GC(15) Metaspace: 40052K(42056K)->40052K(42056K) NonClass: 35038K(36040K)->35038K(36040K) Class: 5013K(6016K)->5013K(6016K)
[2024-02-06T21:06:04.430+0000][gc            ] GC(15) Pause Young (Normal) (G1 Evacuation Pause) 194M->144M(1024M) 6.760ms
[2024-02-06T21:06:04.430+0000][gc,cpu        ] GC(15) User=0.01s Sys=0.00s Real=0.00s
[2024-02-06T21:07:49.286+0000][gc,start      ] GC(16) Pause Young (Normal) (G1 Evacuation Pause)
[2024-02-06T21:07:49.287+0000][gc,task       ] GC(16) Using 2 workers of 2 for evacuation
[2024-02-06T21:07:49.301+0000][gc,phases     ] GC(16)   Pre Evacuate Collection Set: 0.0ms
[2024-02-06T21:07:49.301+0000][gc,phases     ] GC(16)   Evacuate Collection Set: 13.7ms
[2024-02-06T21:07:49.302+0000][gc,phases     ] GC(16)   Post Evacuate Collection Set: 0.8ms
[2024-02-06T21:07:49.302+0000][gc,phases     ] GC(16)   Other: 0.5ms
[2024-02-06T21:07:49.302+0000][gc,heap       ] GC(16) Eden regions: 55->0(57)
[2024-02-06T21:07:49.302+0000][gc,heap       ] GC(16) Survivor regions: 4->4(8)
[2024-02-06T21:07:49.302+0000][gc,heap       ] GC(16) Old regions: 14->14
[2024-02-06T21:07:49.302+0000][gc,heap       ] GC(16) Humongous regions: 129->129
[2024-02-06T21:07:49.302+0000][gc,metaspace  ] GC(16) Metaspace: 40079K(42056K)->40079K(42056K) NonClass: 35065K(36040K)->35065K(36040K) Class: 5013K(6016K)->5013K(6016K)
[2024-02-06T21:07:49.302+0000][gc            ] GC(16) Pause Young (Normal) (G1 Evacuation Pause) 199M->144M(1024M) 15.942ms
[2024-02-06T21:07:49.302+0000][gc,cpu        ] GC(16) User=0.02s Sys=0.00s Real=0.02s
[2024-02-06T21:12:28.443+0000][gc,start      ] GC(17) Pause Young (Normal) (G1 Evacuation Pause)
[2024-02-06T21:12:28.443+0000][gc,task       ] GC(17) Using 2 workers of 2 for evacuation
[2024-02-06T21:12:28.451+0000][gc,phases     ] GC(17)   Pre Evacuate Collection Set: 0.0ms
[2024-02-06T21:12:28.451+0000][gc,phases     ] GC(17)   Evacuate Collection Set: 6.5ms
[2024-02-06T21:12:28.451+0000][gc,phases     ] GC(17)   Post Evacuate Collection Set: 0.7ms
[2024-02-06T21:12:28.451+0000][gc,phases     ] GC(17)   Other: 0.2ms
[2024-02-06T21:12:28.451+0000][gc,heap       ] GC(17) Eden regions: 57->0(60)
[2024-02-06T21:12:28.451+0000][gc,heap       ] GC(17) Survivor regions: 4->4(8)
[2024-02-06T21:12:28.451+0000][gc,heap       ] GC(17) Old regions: 14->14
[2024-02-06T21:12:28.451+0000][gc,heap       ] GC(17) Humongous regions: 129->129
[2024-02-06T21:12:28.451+0000][gc,metaspace  ] GC(17) Metaspace: 40110K(42056K)->40110K(42056K) NonClass: 35097K(36040K)->35097K(36040K) Class: 5013K(6016K)->5013K(6016K)
[2024-02-06T21:12:28.451+0000][gc            ] GC(17) Pause Young (Normal) (G1 Evacuation Pause) 201M->144M(1024M) 7.592ms
[2024-02-06T21:12:28.451+0000][gc,cpu        ] GC(17) User=0.01s Sys=0.00s Real=0.00s
[2024-02-06T21:14:23.635+0000][gc,start      ] GC(18) Pause Young (Normal) (G1 Evacuation Pause)
[2024-02-06T21:14:23.635+0000][gc,task       ] GC(18) Using 2 workers of 2 for evacuation
[2024-02-06T21:14:23.641+0000][gc,phases     ] GC(18)   Pre Evacuate Collection Set: 0.0ms
[2024-02-06T21:14:23.641+0000][gc,phases     ] GC(18)   Evacuate Collection Set: 5.8ms
[2024-02-06T21:14:23.641+0000][gc,phases     ] GC(18)   Post Evacuate Collection Set: 0.7ms
[2024-02-06T21:14:23.641+0000][gc,phases     ] GC(18)   Other: 0.2ms
[2024-02-06T21:14:23.641+0000][gc,heap       ] GC(18) Eden regions: 60->0(64)
[2024-02-06T21:14:23.641+0000][gc,heap       ] GC(18) Survivor regions: 4->4(8)
[2024-02-06T21:14:23.641+0000][gc,heap       ] GC(18) Old regions: 14->14
[2024-02-06T21:14:23.642+0000][gc,heap       ] GC(18) Humongous regions: 129->129
[2024-02-06T21:14:23.642+0000][gc,metaspace  ] GC(18) Metaspace: 40128K(42312K)->40128K(42312K) NonClass: 35115K(36296K)->35115K(36296K) Class: 5013K(6016K)->5013K(6016K)
[2024-02-06T21:14:23.642+0000][gc            ] GC(18) Pause Young (Normal) (G1 Evacuation Pause) 204M->145M(1024M) 6.822ms
[2024-02-06T21:14:23.642+0000][gc,cpu        ] GC(18) User=0.01s Sys=0.00s Real=0.00s
[2024-02-06T21:26:28.845+0000][gc,start      ] GC(19) Pause Young (Normal) (G1 Evacuation Pause)
[2024-02-06T21:26:28.845+0000][gc,task       ] GC(19) Using 2 workers of 2 for evacuation
[2024-02-06T21:26:28.854+0000][gc,phases     ] GC(19)   Pre Evacuate Collection Set: 0.0ms
[2024-02-06T21:26:28.854+0000][gc,phases     ] GC(19)   Evacuate Collection Set: 7.6ms
[2024-02-06T21:26:28.854+0000][gc,phases     ] GC(19)   Post Evacuate Collection Set: 1.1ms
[2024-02-06T21:26:28.854+0000][gc,phases     ] GC(19)   Other: 0.2ms
[2024-02-06T21:26:28.854+0000][gc,heap       ] GC(19) Eden regions: 64->0(69)
[2024-02-06T21:26:28.854+0000][gc,heap       ] GC(19) Survivor regions: 4->4(9)
[2024-02-06T21:26:28.854+0000][gc,heap       ] GC(19) Old regions: 14->14
[2024-02-06T21:26:28.854+0000][gc,heap       ] GC(19) Humongous regions: 129->129
[2024-02-06T21:26:28.854+0000][gc,metaspace  ] GC(19) Metaspace: 40203K(42312K)->40203K(42312K) NonClass: 35187K(36296K)->35187K(36296K) Class: 5015K(6016K)->5015K(6016K)
[2024-02-06T21:26:28.854+0000][gc            ] GC(19) Pause Young (Normal) (G1 Evacuation Pause) 209M->145M(1024M) 9.095ms
[2024-02-06T21:26:28.854+0000][gc,cpu        ] GC(19) User=0.02s Sys=0.00s Real=0.01s
[2024-02-06T21:31:40.450+0000][gc,start      ] GC(20) Pause Young (Normal) (G1 Evacuation Pause)
[2024-02-06T21:31:40.450+0000][gc,task       ] GC(20) Using 2 workers of 2 for evacuation
[2024-02-06T21:31:40.457+0000][gc,phases     ] GC(20)   Pre Evacuate Collection Set: 0.0ms
[2024-02-06T21:31:40.457+0000][gc,phases     ] GC(20)   Evacuate Collection Set: 6.2ms
[2024-02-06T21:31:40.457+0000][gc,phases     ] GC(20)   Post Evacuate Collection Set: 0.5ms
[2024-02-06T21:31:40.457+0000][gc,phases     ] GC(20)   Other: 0.2ms
[2024-02-06T21:31:40.457+0000][gc,heap       ] GC(20) Eden regions: 69->0(73)
[2024-02-06T21:31:40.457+0000][gc,heap       ] GC(20) Survivor regions: 4->4(10)
[2024-02-06T21:31:40.457+0000][gc,heap       ] GC(20) Old regions: 14->14
[2024-02-06T21:31:40.457+0000][gc,heap       ] GC(20) Humongous regions: 129->129
[2024-02-06T21:31:40.457+0000][gc,metaspace  ] GC(20) Metaspace: 40237K(42312K)->40237K(42312K) NonClass: 35221K(36296K)->35221K(36296K) Class: 5015K(6016K)->5015K(6016K)
[2024-02-06T21:31:40.457+0000][gc            ] GC(20) Pause Young (Normal) (G1 Evacuation Pause) 214M->145M(1024M) 7.124ms
[2024-02-06T21:31:40.457+0000][gc,cpu        ] GC(20) User=0.02s Sys=0.00s Real=0.01s
[2024-02-06T21:34:16.638+0000][gc,start      ] GC(21) Pause Young (Normal) (G1 Evacuation Pause)
[2024-02-06T21:34:16.638+0000][gc,task       ] GC(21) Using 2 workers of 2 for evacuation
[2024-02-06T21:34:16.645+0000][gc,phases     ] GC(21)   Pre Evacuate Collection Set: 0.0ms
[2024-02-06T21:34:16.645+0000][gc,phases     ] GC(21)   Evacuate Collection Set: 6.1ms
[2024-02-06T21:34:16.645+0000][gc,phases     ] GC(21)   Post Evacuate Collection Set: 0.7ms
[2024-02-06T21:34:16.645+0000][gc,phases     ] GC(21)   Other: 0.2ms
[2024-02-06T21:34:16.645+0000][gc,heap       ] GC(21) Eden regions: 73->0(78)
[2024-02-06T21:34:16.645+0000][gc,heap       ] GC(21) Survivor regions: 4->4(10)
[2024-02-06T21:34:16.645+0000][gc,heap       ] GC(21) Old regions: 14->14
[2024-02-06T21:34:16.645+0000][gc,heap       ] GC(21) Humongous regions: 129->129
[2024-02-06T21:34:16.645+0000][gc,metaspace  ] GC(21) Metaspace: 40247K(42312K)->40247K(42312K) NonClass: 35231K(36296K)->35231K(36296K) Class: 5015K(6016K)->5015K(6016K)
[2024-02-06T21:34:16.645+0000][gc            ] GC(21) Pause Young (Normal) (G1 Evacuation Pause) 218M->145M(1024M) 7.134ms
[2024-02-06T21:34:16.645+0000][gc,cpu        ] GC(21) User=0.01s Sys=0.00s Real=0.01s
[2024-02-06T21:37:07.346+0000][gc,start      ] GC(22) Pause Young (Normal) (G1 Evacuation Pause)
[2024-02-06T21:37:07.346+0000][gc,task       ] GC(22) Using 2 workers of 2 for evacuation
[2024-02-06T21:37:07.355+0000][gc,phases     ] GC(22)   Pre Evacuate Collection Set: 0.0ms
[2024-02-06T21:37:07.355+0000][gc,phases     ] GC(22)   Evacuate Collection Set: 7.7ms
[2024-02-06T21:37:07.355+0000][gc,phases     ] GC(22)   Post Evacuate Collection Set: 0.7ms
[2024-02-06T21:37:07.355+0000][gc,phases     ] GC(22)   Other: 0.4ms
[2024-02-06T21:37:07.355+0000][gc,heap       ] GC(22) Eden regions: 78->0(84)
[2024-02-06T21:37:07.355+0000][gc,heap       ] GC(22) Survivor regions: 4->3(11)
[2024-02-06T21:37:07.355+0000][gc,heap       ] GC(22) Old regions: 14->16
[2024-02-06T21:37:07.355+0000][gc,heap       ] GC(22) Humongous regions: 129->129
[2024-02-06T21:37:07.355+0000][gc,metaspace  ] GC(22) Metaspace: 40288K(42312K)->40288K(42312K) NonClass: 35272K(36296K)->35272K(36296K) Class: 5015K(6016K)->5015K(6016K)
[2024-02-06T21:37:07.355+0000][gc            ] GC(22) Pause Young (Normal) (G1 Evacuation Pause) 223M->145M(1024M) 9.002ms
[2024-02-06T21:37:07.355+0000][gc,cpu        ] GC(22) User=0.01s Sys=0.00s Real=0.01s
[2024-02-06T21:40:09.532+0000][gc,start      ] GC(23) Pause Young (Normal) (G1 Evacuation Pause)
[2024-02-06T21:40:09.533+0000][gc,task       ] GC(23) Using 2 workers of 2 for evacuation
[2024-02-06T21:40:09.537+0000][gc,phases     ] GC(23)   Pre Evacuate Collection Set: 0.0ms
[2024-02-06T21:40:09.537+0000][gc,phases     ] GC(23)   Evacuate Collection Set: 3.9ms
[2024-02-06T21:40:09.537+0000][gc,phases     ] GC(23)   Post Evacuate Collection Set: 0.3ms
[2024-02-06T21:40:09.537+0000][gc,phases     ] GC(23)   Other: 0.2ms
[2024-02-06T21:40:09.537+0000][gc,heap       ] GC(23) Eden regions: 84->0(104)
[2024-02-06T21:40:09.537+0000][gc,heap       ] GC(23) Survivor regions: 3->3(11)
[2024-02-06T21:40:09.537+0000][gc,heap       ] GC(23) Old regions: 16->16
[2024-02-06T21:40:09.537+0000][gc,heap       ] GC(23) Humongous regions: 129->129
[2024-02-06T21:40:09.537+0000][gc,metaspace  ] GC(23) Metaspace: 40294K(42312K)->40294K(42312K) NonClass: 35278K(36296K)->35278K(36296K) Class: 5015K(6016K)->5015K(6016K)
[2024-02-06T21:40:09.537+0000][gc            ] GC(23) Pause Young (Normal) (G1 Evacuation Pause) 229M->145M(1024M) 4.514ms
[2024-02-06T21:40:09.537+0000][gc,cpu        ] GC(23) User=0.01s Sys=0.00s Real=0.01s
[2024-02-06T21:41:36.287+0000][gc,heap,exit  ] Heap
[2024-02-06T21:41:36.287+0000][gc,heap,exit  ]  garbage-first heap   total 1048576K, used 193185K [0x00000000c0000000, 0x0000000100000000)
[2024-02-06T21:41:36.287+0000][gc,heap,exit  ]   region size 1024K, 47 young (48128K), 3 survivors (3072K)
[2024-02-06T21:41:36.287+0000][gc,heap,exit  ]  Metaspace       used 40904K, capacity 42926K, committed 43208K, reserved 1087488K
[2024-02-06T21:41:36.287+0000][gc,heap,exit  ]   class space    used 5171K, capacity 6111K, committed 6144K, reserved 1048576K
