[2024-02-07T00:32:48.898+0000][gc,heap] Heap region size: 1M
[2024-02-07T00:32:48.916+0000][gc     ] Using G1
[2024-02-07T00:32:48.916+0000][gc,heap,coops] Heap address: 0x00000000c0000000, size: 1024 MB, Compressed Oops mode: 32-bit
[2024-02-07T00:32:48.917+0000][gc,cds       ] Mark closed archive regions in map: [0x00000000fff00000, 0x00000000fff6bff8]
[2024-02-07T00:32:48.917+0000][gc,cds       ] Mark open archive regions in map: [0x00000000ffe00000, 0x00000000ffe47ff8]
[2024-02-07T00:32:50.363+0000][gc,start     ] GC(0) Pause Young (Normal) (G1 Evacuation Pause)
[2024-02-07T00:32:50.364+0000][gc,task      ] GC(0) Using 2 workers of 2 for evacuation
[2024-02-07T00:32:50.387+0000][gc,mmu       ] GC(0) MMU target violated: 21.0ms (20.0ms/21.0ms)
[2024-02-07T00:32:50.387+0000][gc,phases    ] GC(0)   Pre Evacuate Collection Set: 0.0ms
[2024-02-07T00:32:50.387+0000][gc,phases    ] GC(0)   Evacuate Collection Set: 21.9ms
[2024-02-07T00:32:50.387+0000][gc,phases    ] GC(0)   Post Evacuate Collection Set: 0.9ms
[2024-02-07T00:32:50.387+0000][gc,phases    ] GC(0)   Other: 0.8ms
[2024-02-07T00:32:50.387+0000][gc,heap      ] GC(0) Eden regions: 51->0(44)
[2024-02-07T00:32:50.387+0000][gc,heap      ] GC(0) Survivor regions: 0->7(7)
[2024-02-07T00:32:50.387+0000][gc,heap      ] GC(0) Old regions: 2->2
[2024-02-07T00:32:50.387+0000][gc,heap      ] GC(0) Humongous regions: 0->0
[2024-02-07T00:32:50.387+0000][gc,metaspace ] GC(0) Metaspace: 16547K(17280K)->16547K(17280K) NonClass: 14356K(14848K)->14356K(14848K) Class: 2191K(2432K)->2191K(2432K)
[2024-02-07T00:32:50.387+0000][gc           ] GC(0) Pause Young (Normal) (G1 Evacuation Pause) 51M->7M(1024M) 23.740ms
[2024-02-07T00:32:50.387+0000][gc,cpu       ] GC(0) User=0.01s Sys=0.01s Real=0.02s
[2024-02-07T00:32:50.686+0000][gc,start     ] GC(1) Pause Young (Concurrent Start) (Metadata GC Threshold)
[2024-02-07T00:32:50.686+0000][gc,task      ] GC(1) Using 2 workers of 2 for evacuation
[2024-02-07T00:32:50.698+0000][gc,phases    ] GC(1)   Pre Evacuate Collection Set: 0.0ms
[2024-02-07T00:32:50.698+0000][gc,phases    ] GC(1)   Evacuate Collection Set: 11.6ms
[2024-02-07T00:32:50.698+0000][gc,phases    ] GC(1)   Post Evacuate Collection Set: 0.2ms
[2024-02-07T00:32:50.698+0000][gc,phases    ] GC(1)   Other: 0.2ms
[2024-02-07T00:32:50.698+0000][gc,heap      ] GC(1) Eden regions: 18->0(50)
[2024-02-07T00:32:50.698+0000][gc,heap      ] GC(1) Survivor regions: 7->1(7)
[2024-02-07T00:32:50.698+0000][gc,heap      ] GC(1) Old regions: 2->9
[2024-02-07T00:32:50.698+0000][gc,heap      ] GC(1) Humongous regions: 0->0
[2024-02-07T00:32:50.698+0000][gc,metaspace ] GC(1) Metaspace: 20517K(21248K)->20517K(21248K) NonClass: 17748K(18176K)->17748K(18176K) Class: 2769K(3072K)->2769K(3072K)
[2024-02-07T00:32:50.699+0000][gc           ] GC(1) Pause Young (Concurrent Start) (Metadata GC Threshold) 24M->7M(1024M) 12.239ms
[2024-02-07T00:32:50.699+0000][gc,cpu       ] GC(1) User=0.01s Sys=0.01s Real=0.02s
[2024-02-07T00:32:50.699+0000][gc           ] GC(2) Concurrent Cycle
[2024-02-07T00:32:50.699+0000][gc,marking   ] GC(2) Concurrent Clear Claimed Marks
[2024-02-07T00:32:50.699+0000][gc,marking   ] GC(2) Concurrent Clear Claimed Marks 0.026ms
[2024-02-07T00:32:50.699+0000][gc,marking   ] GC(2) Concurrent Scan Root Regions
[2024-02-07T00:32:50.705+0000][gc,marking   ] GC(2) Concurrent Scan Root Regions 5.957ms
[2024-02-07T00:32:50.705+0000][gc,marking   ] GC(2) Concurrent Mark (1.810s)
[2024-02-07T00:32:50.705+0000][gc,marking   ] GC(2) Concurrent Mark From Roots
[2024-02-07T00:32:50.705+0000][gc,task      ] GC(2) Using 1 workers of 1 for marking
[2024-02-07T00:32:50.715+0000][gc,marking   ] GC(2) Concurrent Mark From Roots 10.347ms
[2024-02-07T00:32:50.715+0000][gc,marking   ] GC(2) Concurrent Preclean
[2024-02-07T00:32:50.716+0000][gc,marking   ] GC(2) Concurrent Preclean 0.088ms
[2024-02-07T00:32:50.716+0000][gc,marking   ] GC(2) Concurrent Mark (1.810s, 1.821s) 10.865ms
[2024-02-07T00:32:50.716+0000][gc,start     ] GC(2) Pause Remark
[2024-02-07T00:32:50.719+0000][gc,stringtable] GC(2) Cleaned string and symbol table, strings: 5546 processed, 0 removed, symbols: 51576 processed, 52 removed
[2024-02-07T00:32:50.719+0000][gc            ] GC(2) Pause Remark 8M->8M(1024M) 2.904ms
[2024-02-07T00:32:50.719+0000][gc,cpu        ] GC(2) User=0.01s Sys=0.00s Real=0.01s
[2024-02-07T00:32:50.719+0000][gc,marking    ] GC(2) Concurrent Rebuild Remembered Sets
[2024-02-07T00:32:50.725+0000][gc,marking    ] GC(2) Concurrent Rebuild Remembered Sets 6.133ms
[2024-02-07T00:32:50.725+0000][gc,start      ] GC(2) Pause Cleanup
[2024-02-07T00:32:50.725+0000][gc            ] GC(2) Pause Cleanup 8M->8M(1024M) 0.161ms
[2024-02-07T00:32:50.725+0000][gc,cpu        ] GC(2) User=0.00s Sys=0.00s Real=0.00s
[2024-02-07T00:32:50.726+0000][gc,marking    ] GC(2) Concurrent Cleanup for Next Mark
[2024-02-07T00:32:50.728+0000][gc,marking    ] GC(2) Concurrent Cleanup for Next Mark 2.574ms
[2024-02-07T00:32:50.728+0000][gc            ] GC(2) Concurrent Cycle 29.529ms
[2024-02-07T00:32:52.126+0000][gc,start      ] GC(3) Pause Young (Normal) (G1 Evacuation Pause)
[2024-02-07T00:32:52.126+0000][gc,task       ] GC(3) Using 2 workers of 2 for evacuation
[2024-02-07T00:32:52.132+0000][gc,phases     ] GC(3)   Pre Evacuate Collection Set: 0.0ms
[2024-02-07T00:32:52.133+0000][gc,phases     ] GC(3)   Evacuate Collection Set: 6.0ms
[2024-02-07T00:32:52.133+0000][gc,phases     ] GC(3)   Post Evacuate Collection Set: 0.4ms
[2024-02-07T00:32:52.133+0000][gc,phases     ] GC(3)   Other: 0.4ms
[2024-02-07T00:32:52.133+0000][gc,heap       ] GC(3) Eden regions: 50->0(46)
[2024-02-07T00:32:52.133+0000][gc,heap       ] GC(3) Survivor regions: 1->5(7)
[2024-02-07T00:32:52.133+0000][gc,heap       ] GC(3) Old regions: 9->9
[2024-02-07T00:32:52.133+0000][gc,heap       ] GC(3) Humongous regions: 129->129
[2024-02-07T00:32:52.133+0000][gc,metaspace  ] GC(3) Metaspace: 29024K(30208K)->29024K(30208K) NonClass: 25366K(26112K)->25366K(26112K) Class: 3658K(4096K)->3658K(4096K)
[2024-02-07T00:32:52.133+0000][gc            ] GC(3) Pause Young (Normal) (G1 Evacuation Pause) 186M->140M(1024M) 7.442ms
[2024-02-07T00:32:52.133+0000][gc,cpu        ] GC(3) User=0.01s Sys=0.00s Real=0.01s
[2024-02-07T00:32:52.669+0000][gc,start      ] GC(4) Pause Young (Concurrent Start) (Metadata GC Threshold)
[2024-02-07T00:32:52.669+0000][gc,task       ] GC(4) Using 2 workers of 2 for evacuation
[2024-02-07T00:32:52.685+0000][gc,phases     ] GC(4)   Pre Evacuate Collection Set: 0.1ms
[2024-02-07T00:32:52.686+0000][gc,phases     ] GC(4)   Evacuate Collection Set: 16.2ms
[2024-02-07T00:32:52.686+0000][gc,phases     ] GC(4)   Post Evacuate Collection Set: 0.2ms
[2024-02-07T00:32:52.686+0000][gc,phases     ] GC(4)   Other: 0.2ms
[2024-02-07T00:32:52.686+0000][gc,heap       ] GC(4) Eden regions: 25->0(49)
[2024-02-07T00:32:52.686+0000][gc,heap       ] GC(4) Survivor regions: 5->2(7)
[2024-02-07T00:32:52.686+0000][gc,heap       ] GC(4) Old regions: 9->13
[2024-02-07T00:32:52.686+0000][gc,heap       ] GC(4) Humongous regions: 129->129
[2024-02-07T00:32:52.686+0000][gc,metaspace  ] GC(4) Metaspace: 34490K(35840K)->34490K(35840K) NonClass: 30225K(30976K)->30225K(30976K) Class: 4264K(4864K)->4264K(4864K)
[2024-02-07T00:32:52.686+0000][gc            ] GC(4) Pause Young (Concurrent Start) (Metadata GC Threshold) 165M->141M(1024M) 17.430ms
[2024-02-07T00:32:52.686+0000][gc,cpu        ] GC(4) User=0.02s Sys=0.00s Real=0.01s
[2024-02-07T00:32:52.686+0000][gc            ] GC(5) Concurrent Cycle
[2024-02-07T00:32:52.686+0000][gc,marking    ] GC(5) Concurrent Clear Claimed Marks
[2024-02-07T00:32:52.686+0000][gc,marking    ] GC(5) Concurrent Clear Claimed Marks 0.040ms
[2024-02-07T00:32:52.686+0000][gc,marking    ] GC(5) Concurrent Scan Root Regions
[2024-02-07T00:32:52.689+0000][gc,marking    ] GC(5) Concurrent Scan Root Regions 2.593ms
[2024-02-07T00:32:52.689+0000][gc,marking    ] GC(5) Concurrent Mark (3.794s)
[2024-02-07T00:32:52.689+0000][gc,marking    ] GC(5) Concurrent Mark From Roots
[2024-02-07T00:32:52.689+0000][gc,task       ] GC(5) Using 1 workers of 1 for marking
[2024-02-07T00:32:52.731+0000][gc,marking    ] GC(5) Concurrent Mark From Roots 42.193ms
[2024-02-07T00:32:52.731+0000][gc,marking    ] GC(5) Concurrent Preclean
[2024-02-07T00:32:52.731+0000][gc,marking    ] GC(5) Concurrent Preclean 0.073ms
[2024-02-07T00:32:52.731+0000][gc,marking    ] GC(5) Concurrent Mark (3.794s, 3.837s) 42.380ms
[2024-02-07T00:32:52.732+0000][gc,start      ] GC(5) Pause Remark
[2024-02-07T00:32:52.738+0000][gc,stringtable] GC(5) Cleaned string and symbol table, strings: 10254 processed, 10 removed, symbols: 80606 processed, 23 removed
[2024-02-07T00:32:52.738+0000][gc            ] GC(5) Pause Remark 143M->143M(1024M) 6.208ms
[2024-02-07T00:32:52.738+0000][gc,cpu        ] GC(5) User=0.01s Sys=0.00s Real=0.01s
[2024-02-07T00:32:52.738+0000][gc,marking    ] GC(5) Concurrent Rebuild Remembered Sets
[2024-02-07T00:32:52.750+0000][gc,marking    ] GC(5) Concurrent Rebuild Remembered Sets 11.637ms
[2024-02-07T00:32:52.750+0000][gc,start      ] GC(5) Pause Cleanup
[2024-02-07T00:32:52.750+0000][gc            ] GC(5) Pause Cleanup 144M->144M(1024M) 0.245ms
[2024-02-07T00:32:52.750+0000][gc,cpu        ] GC(5) User=0.00s Sys=0.00s Real=0.00s
[2024-02-07T00:32:52.750+0000][gc,marking    ] GC(5) Concurrent Cleanup for Next Mark
[2024-02-07T00:32:52.763+0000][gc,marking    ] GC(5) Concurrent Cleanup for Next Mark 12.436ms
[2024-02-07T00:32:52.763+0000][gc            ] GC(5) Concurrent Cycle 76.490ms
[2024-02-07T00:36:21.383+0000][gc,start      ] GC(6) Pause Young (Normal) (G1 Evacuation Pause)
[2024-02-07T00:36:21.383+0000][gc,task       ] GC(6) Using 2 workers of 2 for evacuation
[2024-02-07T00:36:21.390+0000][gc,phases     ] GC(6)   Pre Evacuate Collection Set: 0.0ms
[2024-02-07T00:36:21.390+0000][gc,phases     ] GC(6)   Evacuate Collection Set: 6.4ms
[2024-02-07T00:36:21.390+0000][gc,phases     ] GC(6)   Post Evacuate Collection Set: 0.3ms
[2024-02-07T00:36:21.390+0000][gc,phases     ] GC(6)   Other: 0.2ms
[2024-02-07T00:36:21.390+0000][gc,heap       ] GC(6) Eden regions: 49->0(47)
[2024-02-07T00:36:21.390+0000][gc,heap       ] GC(6) Survivor regions: 2->4(7)
[2024-02-07T00:36:21.390+0000][gc,heap       ] GC(6) Old regions: 13->13
[2024-02-07T00:36:21.390+0000][gc,heap       ] GC(6) Humongous regions: 171->129
[2024-02-07T00:36:21.390+0000][gc,metaspace  ] GC(6) Metaspace: 39030K(40908K)->39030K(40908K) NonClass: 34044K(35020K)->34044K(35020K) Class: 4985K(5888K)->4985K(5888K)
[2024-02-07T00:36:21.390+0000][gc            ] GC(6) Pause Young (Normal) (G1 Evacuation Pause) 232M->143M(1024M) 7.026ms
[2024-02-07T00:36:21.390+0000][gc,cpu        ] GC(6) User=0.01s Sys=0.00s Real=0.01s
[2024-02-07T00:48:03.745+0000][gc,start      ] GC(7) Pause Young (Normal) (G1 Evacuation Pause)
[2024-02-07T00:48:03.745+0000][gc,task       ] GC(7) Using 2 workers of 2 for evacuation
[2024-02-07T00:48:03.751+0000][gc,phases     ] GC(7)   Pre Evacuate Collection Set: 0.0ms
[2024-02-07T00:48:03.751+0000][gc,phases     ] GC(7)   Evacuate Collection Set: 5.9ms
[2024-02-07T00:48:03.752+0000][gc,phases     ] GC(7)   Post Evacuate Collection Set: 0.3ms
[2024-02-07T00:48:03.752+0000][gc,phases     ] GC(7)   Other: 0.2ms
[2024-02-07T00:48:03.752+0000][gc,heap       ] GC(7) Eden regions: 47->0(48)
[2024-02-07T00:48:03.752+0000][gc,heap       ] GC(7) Survivor regions: 4->3(7)
[2024-02-07T00:48:03.752+0000][gc,heap       ] GC(7) Old regions: 13->15
[2024-02-07T00:48:03.752+0000][gc,heap       ] GC(7) Humongous regions: 129->129
[2024-02-07T00:48:03.752+0000][gc,metaspace  ] GC(7) Metaspace: 39296K(41292K)->39296K(41292K) NonClass: 34293K(35276K)->34293K(35276K) Class: 5002K(6016K)->5002K(6016K)
[2024-02-07T00:48:03.752+0000][gc            ] GC(7) Pause Young (Normal) (G1 Evacuation Pause) 190M->144M(1024M) 6.538ms
[2024-02-07T00:48:03.752+0000][gc,cpu        ] GC(7) User=0.01s Sys=0.00s Real=0.01s
[2024-02-07T00:50:39.207+0000][gc,start      ] GC(8) Pause Young (Normal) (G1 Evacuation Pause)
[2024-02-07T00:50:39.207+0000][gc,task       ] GC(8) Using 2 workers of 2 for evacuation
[2024-02-07T00:50:39.212+0000][gc,phases     ] GC(8)   Pre Evacuate Collection Set: 0.0ms
[2024-02-07T00:50:39.212+0000][gc,phases     ] GC(8)   Evacuate Collection Set: 4.3ms
[2024-02-07T00:50:39.212+0000][gc,phases     ] GC(8)   Post Evacuate Collection Set: 0.6ms
[2024-02-07T00:50:39.212+0000][gc,phases     ] GC(8)   Other: 0.2ms
[2024-02-07T00:50:39.212+0000][gc,heap       ] GC(8) Eden regions: 48->0(49)
[2024-02-07T00:50:39.212+0000][gc,heap       ] GC(8) Survivor regions: 3->2(7)
[2024-02-07T00:50:39.212+0000][gc,heap       ] GC(8) Old regions: 15->15
[2024-02-07T00:50:39.212+0000][gc,heap       ] GC(8) Humongous regions: 129->129
[2024-02-07T00:50:39.212+0000][gc,metaspace  ] GC(8) Metaspace: 39356K(41548K)->39356K(41548K) NonClass: 34353K(35532K)->34353K(35532K) Class: 5002K(6016K)->5002K(6016K)
[2024-02-07T00:50:39.212+0000][gc            ] GC(8) Pause Young (Normal) (G1 Evacuation Pause) 192M->143M(1024M) 5.332ms
[2024-02-07T00:50:39.212+0000][gc,cpu        ] GC(8) User=0.01s Sys=0.00s Real=0.01s
[2024-02-07T00:52:11.230+0000][gc,start      ] GC(9) Pause Young (Normal) (G1 Evacuation Pause)
[2024-02-07T00:52:11.230+0000][gc,task       ] GC(9) Using 2 workers of 2 for evacuation
[2024-02-07T00:52:11.235+0000][gc,phases     ] GC(9)   Pre Evacuate Collection Set: 0.0ms
[2024-02-07T00:52:11.235+0000][gc,phases     ] GC(9)   Evacuate Collection Set: 3.8ms
[2024-02-07T00:52:11.235+0000][gc,phases     ] GC(9)   Post Evacuate Collection Set: 0.4ms
[2024-02-07T00:52:11.235+0000][gc,phases     ] GC(9)   Other: 0.2ms
[2024-02-07T00:52:11.235+0000][gc,heap       ] GC(9) Eden regions: 49->0(48)
[2024-02-07T00:52:11.235+0000][gc,heap       ] GC(9) Survivor regions: 2->3(7)
[2024-02-07T00:52:11.235+0000][gc,heap       ] GC(9) Old regions: 15->15
[2024-02-07T00:52:11.235+0000][gc,heap       ] GC(9) Humongous regions: 129->129
[2024-02-07T00:52:11.235+0000][gc,metaspace  ] GC(9) Metaspace: 39389K(41548K)->39389K(41548K) NonClass: 34387K(35532K)->34387K(35532K) Class: 5002K(6016K)->5002K(6016K)
[2024-02-07T00:52:11.235+0000][gc            ] GC(9) Pause Young (Normal) (G1 Evacuation Pause) 192M->144M(1024M) 4.582ms
[2024-02-07T00:52:11.235+0000][gc,cpu        ] GC(9) User=0.00s Sys=0.00s Real=0.00s
[2024-02-07T00:55:21.623+0000][gc,start      ] GC(10) Pause Young (Normal) (G1 Evacuation Pause)
[2024-02-07T00:55:21.623+0000][gc,task       ] GC(10) Using 2 workers of 2 for evacuation
[2024-02-07T00:55:21.628+0000][gc,phases     ] GC(10)   Pre Evacuate Collection Set: 0.0ms
[2024-02-07T00:55:21.628+0000][gc,phases     ] GC(10)   Evacuate Collection Set: 4.2ms
[2024-02-07T00:55:21.628+0000][gc,phases     ] GC(10)   Post Evacuate Collection Set: 0.6ms
[2024-02-07T00:55:21.628+0000][gc,phases     ] GC(10)   Other: 0.1ms
[2024-02-07T00:55:21.628+0000][gc,heap       ] GC(10) Eden regions: 48->0(48)
[2024-02-07T00:55:21.628+0000][gc,heap       ] GC(10) Survivor regions: 3->3(7)
[2024-02-07T00:55:21.628+0000][gc,heap       ] GC(10) Old regions: 15->15
[2024-02-07T00:55:21.628+0000][gc,heap       ] GC(10) Humongous regions: 129->129
[2024-02-07T00:55:21.628+0000][gc,metaspace  ] GC(10) Metaspace: 39482K(41548K)->39482K(41548K) NonClass: 34474K(35532K)->34474K(35532K) Class: 5008K(6016K)->5008K(6016K)
[2024-02-07T00:55:21.628+0000][gc            ] GC(10) Pause Young (Normal) (G1 Evacuation Pause) 192M->144M(1024M) 5.073ms
[2024-02-07T00:55:21.628+0000][gc,cpu        ] GC(10) User=0.01s Sys=0.00s Real=0.00s
[2024-02-07T00:59:39.848+0000][gc,heap,exit  ] Heap
[2024-02-07T00:59:39.848+0000][gc,heap,exit  ]  garbage-first heap   total 1048576K, used 162041K [0x00000000c0000000, 0x0000000100000000)
[2024-02-07T00:59:39.848+0000][gc,heap,exit  ]   region size 1024K, 19 young (19456K), 3 survivors (3072K)
[2024-02-07T00:59:39.848+0000][gc,heap,exit  ]  Metaspace       used 40125K, capacity 42178K, committed 42444K, reserved 1085440K
[2024-02-07T00:59:39.848+0000][gc,heap,exit  ]   class space    used 5162K, capacity 6131K, committed 6144K, reserved 1048576K
