[2024-02-06T23:38:31.236+0000][gc,heap] Heap region size: 1M
[2024-02-06T23:38:31.254+0000][gc     ] Using G1
[2024-02-06T23:38:31.254+0000][gc,heap,coops] Heap address: 0x00000000c0000000, size: 1024 MB, Compressed Oops mode: 32-bit
[2024-02-06T23:38:31.255+0000][gc,cds       ] Mark closed archive regions in map: [0x00000000fff00000, 0x00000000fff6bff8]
[2024-02-06T23:38:31.255+0000][gc,cds       ] Mark open archive regions in map: [0x00000000ffe00000, 0x00000000ffe47ff8]
[2024-02-06T23:38:33.160+0000][gc,start     ] GC(0) Pause Young (Normal) (G1 Evacuation Pause)
[2024-02-06T23:38:33.160+0000][gc,task      ] GC(0) Using 2 workers of 2 for evacuation
[2024-02-06T23:38:33.173+0000][gc,phases    ] GC(0)   Pre Evacuate Collection Set: 0.0ms
[2024-02-06T23:38:33.173+0000][gc,phases    ] GC(0)   Evacuate Collection Set: 12.1ms
[2024-02-06T23:38:33.173+0000][gc,phases    ] GC(0)   Post Evacuate Collection Set: 0.3ms
[2024-02-06T23:38:33.173+0000][gc,phases    ] GC(0)   Other: 0.3ms
[2024-02-06T23:38:33.173+0000][gc,heap      ] GC(0) Eden regions: 51->0(44)
[2024-02-06T23:38:33.173+0000][gc,heap      ] GC(0) Survivor regions: 0->7(7)
[2024-02-06T23:38:33.173+0000][gc,heap      ] GC(0) Old regions: 2->2
[2024-02-06T23:38:33.173+0000][gc,heap      ] GC(0) Humongous regions: 0->0
[2024-02-06T23:38:33.173+0000][gc,metaspace ] GC(0) Metaspace: 16844K(17536K)->16844K(17536K) NonClass: 14627K(15104K)->14627K(15104K) Class: 2216K(2432K)->2216K(2432K)
[2024-02-06T23:38:33.173+0000][gc           ] GC(0) Pause Young (Normal) (G1 Evacuation Pause) 51M->7M(1024M) 12.778ms
[2024-02-06T23:38:33.173+0000][gc,cpu       ] GC(0) User=0.02s Sys=0.01s Real=0.01s
[2024-02-06T23:38:33.542+0000][gc,start     ] GC(1) Pause Young (Concurrent Start) (Metadata GC Threshold)
[2024-02-06T23:38:33.542+0000][gc,task      ] GC(1) Using 2 workers of 2 for evacuation
[2024-02-06T23:38:33.554+0000][gc,phases    ] GC(1)   Pre Evacuate Collection Set: 0.1ms
[2024-02-06T23:38:33.554+0000][gc,phases    ] GC(1)   Evacuate Collection Set: 11.8ms
[2024-02-06T23:38:33.554+0000][gc,phases    ] GC(1)   Post Evacuate Collection Set: 0.2ms
[2024-02-06T23:38:33.554+0000][gc,phases    ] GC(1)   Other: 0.2ms
[2024-02-06T23:38:33.554+0000][gc,heap      ] GC(1) Eden regions: 16->0(50)
[2024-02-06T23:38:33.554+0000][gc,heap      ] GC(1) Survivor regions: 7->1(7)
[2024-02-06T23:38:33.554+0000][gc,heap      ] GC(1) Old regions: 2->9
[2024-02-06T23:38:33.554+0000][gc,heap      ] GC(1) Humongous regions: 0->0
[2024-02-06T23:38:33.554+0000][gc,metaspace ] GC(1) Metaspace: 20590K(21248K)->20590K(21248K) NonClass: 17778K(18176K)->17778K(18176K) Class: 2812K(3072K)->2812K(3072K)
[2024-02-06T23:38:33.554+0000][gc           ] GC(1) Pause Young (Concurrent Start) (Metadata GC Threshold) 23M->7M(1024M) 12.514ms
[2024-02-06T23:38:33.554+0000][gc,cpu       ] GC(1) User=0.01s Sys=0.01s Real=0.01s
[2024-02-06T23:38:33.554+0000][gc           ] GC(2) Concurrent Cycle
[2024-02-06T23:38:33.555+0000][gc,marking   ] GC(2) Concurrent Clear Claimed Marks
[2024-02-06T23:38:33.555+0000][gc,marking   ] GC(2) Concurrent Clear Claimed Marks 0.053ms
[2024-02-06T23:38:33.555+0000][gc,marking   ] GC(2) Concurrent Scan Root Regions
[2024-02-06T23:38:33.556+0000][gc,marking   ] GC(2) Concurrent Scan Root Regions 1.270ms
[2024-02-06T23:38:33.556+0000][gc,marking   ] GC(2) Concurrent Mark (2.324s)
[2024-02-06T23:38:33.556+0000][gc,marking   ] GC(2) Concurrent Mark From Roots
[2024-02-06T23:38:33.556+0000][gc,task      ] GC(2) Using 1 workers of 1 for marking
[2024-02-06T23:38:33.572+0000][gc,marking   ] GC(2) Concurrent Mark From Roots 15.752ms
[2024-02-06T23:38:33.572+0000][gc,marking   ] GC(2) Concurrent Preclean
[2024-02-06T23:38:33.572+0000][gc,marking   ] GC(2) Concurrent Preclean 0.090ms
[2024-02-06T23:38:33.572+0000][gc,marking   ] GC(2) Concurrent Mark (2.324s, 2.339s) 15.912ms
[2024-02-06T23:38:33.572+0000][gc,start     ] GC(2) Pause Remark
[2024-02-06T23:38:33.575+0000][gc,stringtable] GC(2) Cleaned string and symbol table, strings: 5531 processed, 0 removed, symbols: 50558 processed, 50 removed
[2024-02-06T23:38:33.575+0000][gc            ] GC(2) Pause Remark 8M->8M(1024M) 2.892ms
[2024-02-06T23:38:33.575+0000][gc,cpu        ] GC(2) User=0.01s Sys=0.00s Real=0.00s
[2024-02-06T23:38:33.575+0000][gc,marking    ] GC(2) Concurrent Rebuild Remembered Sets
[2024-02-06T23:38:33.588+0000][gc,marking    ] GC(2) Concurrent Rebuild Remembered Sets 12.768ms
[2024-02-06T23:38:33.588+0000][gc,start      ] GC(2) Pause Cleanup
[2024-02-06T23:38:33.589+0000][gc            ] GC(2) Pause Cleanup 9M->9M(1024M) 0.185ms
[2024-02-06T23:38:33.589+0000][gc,cpu        ] GC(2) User=0.00s Sys=0.00s Real=0.00s
[2024-02-06T23:38:33.589+0000][gc,marking    ] GC(2) Concurrent Cleanup for Next Mark
[2024-02-06T23:38:33.608+0000][gc,marking    ] GC(2) Concurrent Cleanup for Next Mark 18.945ms
[2024-02-06T23:38:33.608+0000][gc            ] GC(2) Concurrent Cycle 53.498ms
[2024-02-06T23:38:34.636+0000][gc,start      ] GC(3) Pause Young (Normal) (G1 Evacuation Pause)
[2024-02-06T23:38:34.636+0000][gc,task       ] GC(3) Using 2 workers of 2 for evacuation
[2024-02-06T23:38:34.644+0000][gc,phases     ] GC(3)   Pre Evacuate Collection Set: 0.0ms
[2024-02-06T23:38:34.644+0000][gc,phases     ] GC(3)   Evacuate Collection Set: 7.0ms
[2024-02-06T23:38:34.644+0000][gc,phases     ] GC(3)   Post Evacuate Collection Set: 0.2ms
[2024-02-06T23:38:34.644+0000][gc,phases     ] GC(3)   Other: 0.4ms
[2024-02-06T23:38:34.644+0000][gc,heap       ] GC(3) Eden regions: 50->0(46)
[2024-02-06T23:38:34.644+0000][gc,heap       ] GC(3) Survivor regions: 1->5(7)
[2024-02-06T23:38:34.644+0000][gc,heap       ] GC(3) Old regions: 9->9
[2024-02-06T23:38:34.644+0000][gc,heap       ] GC(3) Humongous regions: 129->129
[2024-02-06T23:38:34.644+0000][gc,metaspace  ] GC(3) Metaspace: 30245K(31356K)->30245K(31356K) NonClass: 26493K(27136K)->26493K(27136K) Class: 3752K(4220K)->3752K(4220K)
[2024-02-06T23:38:34.644+0000][gc            ] GC(3) Pause Young (Normal) (G1 Evacuation Pause) 186M->140M(1024M) 8.231ms
[2024-02-06T23:38:34.644+0000][gc,cpu        ] GC(3) User=0.01s Sys=0.00s Real=0.00s
[2024-02-06T23:38:44.613+0000][gc,start      ] GC(4) Pause Young (Concurrent Start) (Metadata GC Threshold)
[2024-02-06T23:38:44.613+0000][gc,task       ] GC(4) Using 2 workers of 2 for evacuation
[2024-02-06T23:38:44.625+0000][gc,phases     ] GC(4)   Pre Evacuate Collection Set: 0.1ms
[2024-02-06T23:38:44.625+0000][gc,phases     ] GC(4)   Evacuate Collection Set: 12.0ms
[2024-02-06T23:38:44.625+0000][gc,phases     ] GC(4)   Post Evacuate Collection Set: 0.2ms
[2024-02-06T23:38:44.625+0000][gc,phases     ] GC(4)   Other: 0.2ms
[2024-02-06T23:38:44.625+0000][gc,heap       ] GC(4) Eden regions: 20->0(49)
[2024-02-06T23:38:44.625+0000][gc,heap       ] GC(4) Survivor regions: 5->2(7)
[2024-02-06T23:38:44.625+0000][gc,heap       ] GC(4) Old regions: 9->13
[2024-02-06T23:38:44.625+0000][gc,heap       ] GC(4) Humongous regions: 129->129
[2024-02-06T23:38:44.625+0000][gc,metaspace  ] GC(4) Metaspace: 34548K(36048K)->34548K(36048K) NonClass: 30174K(30976K)->30174K(30976K) Class: 4373K(5072K)->4373K(5072K)
[2024-02-06T23:38:44.625+0000][gc            ] GC(4) Pause Young (Concurrent Start) (Metadata GC Threshold) 160M->141M(1024M) 12.797ms
[2024-02-06T23:38:44.625+0000][gc,cpu        ] GC(4) User=0.02s Sys=0.00s Real=0.01s
[2024-02-06T23:38:44.626+0000][gc            ] GC(5) Concurrent Cycle
[2024-02-06T23:38:44.626+0000][gc,marking    ] GC(5) Concurrent Clear Claimed Marks
[2024-02-06T23:38:44.626+0000][gc,marking    ] GC(5) Concurrent Clear Claimed Marks 0.046ms
[2024-02-06T23:38:44.626+0000][gc,marking    ] GC(5) Concurrent Scan Root Regions
[2024-02-06T23:38:44.627+0000][gc,marking    ] GC(5) Concurrent Scan Root Regions 1.167ms
[2024-02-06T23:38:44.627+0000][gc,marking    ] GC(5) Concurrent Mark (13.394s)
[2024-02-06T23:38:44.627+0000][gc,marking    ] GC(5) Concurrent Mark From Roots
[2024-02-06T23:38:44.627+0000][gc,task       ] GC(5) Using 1 workers of 1 for marking
[2024-02-06T23:38:44.646+0000][gc,marking    ] GC(5) Concurrent Mark From Roots 19.257ms
[2024-02-06T23:38:44.646+0000][gc,marking    ] GC(5) Concurrent Preclean
[2024-02-06T23:38:44.646+0000][gc,marking    ] GC(5) Concurrent Preclean 0.098ms
[2024-02-06T23:38:44.646+0000][gc,marking    ] GC(5) Concurrent Mark (13.394s, 13.414s) 19.472ms
[2024-02-06T23:38:44.647+0000][gc,start      ] GC(5) Pause Remark
[2024-02-06T23:38:44.651+0000][gc,stringtable] GC(5) Cleaned string and symbol table, strings: 10066 processed, 11 removed, symbols: 80912 processed, 25 removed
[2024-02-06T23:38:44.651+0000][gc            ] GC(5) Pause Remark 143M->143M(1024M) 4.386ms
[2024-02-06T23:38:44.651+0000][gc,cpu        ] GC(5) User=0.01s Sys=0.00s Real=0.01s
[2024-02-06T23:38:44.651+0000][gc,marking    ] GC(5) Concurrent Rebuild Remembered Sets
[2024-02-06T23:38:44.680+0000][gc,marking    ] GC(5) Concurrent Rebuild Remembered Sets 29.284ms
[2024-02-06T23:38:44.680+0000][gc,start      ] GC(5) Pause Cleanup
[2024-02-06T23:38:44.681+0000][gc            ] GC(5) Pause Cleanup 144M->144M(1024M) 0.184ms
[2024-02-06T23:38:44.681+0000][gc,cpu        ] GC(5) User=0.00s Sys=0.00s Real=0.00s
[2024-02-06T23:38:44.681+0000][gc,marking    ] GC(5) Concurrent Cleanup for Next Mark
[2024-02-06T23:38:44.685+0000][gc,marking    ] GC(5) Concurrent Cleanup for Next Mark 4.236ms
[2024-02-06T23:38:44.685+0000][gc            ] GC(5) Concurrent Cycle 59.444ms
[2024-02-06T23:48:16.124+0000][gc,start      ] GC(6) Pause Young (Normal) (G1 Evacuation Pause)
[2024-02-06T23:48:16.124+0000][gc,task       ] GC(6) Using 2 workers of 2 for evacuation
[2024-02-06T23:48:16.135+0000][gc,phases     ] GC(6)   Pre Evacuate Collection Set: 0.0ms
[2024-02-06T23:48:16.135+0000][gc,phases     ] GC(6)   Evacuate Collection Set: 10.0ms
[2024-02-06T23:48:16.135+0000][gc,phases     ] GC(6)   Post Evacuate Collection Set: 0.3ms
[2024-02-06T23:48:16.135+0000][gc,phases     ] GC(6)   Other: 0.2ms
[2024-02-06T23:48:16.135+0000][gc,heap       ] GC(6) Eden regions: 49->0(47)
[2024-02-06T23:48:16.135+0000][gc,heap       ] GC(6) Survivor regions: 2->4(7)
[2024-02-06T23:48:16.135+0000][gc,heap       ] GC(6) Old regions: 13->13
[2024-02-06T23:48:16.135+0000][gc,heap       ] GC(6) Humongous regions: 129->129
[2024-02-06T23:48:16.135+0000][gc,metaspace  ] GC(6) Metaspace: 39047K(40988K)->39047K(40988K) NonClass: 34042K(35072K)->34042K(35072K) Class: 5004K(5916K)->5004K(5916K)
[2024-02-06T23:48:16.135+0000][gc            ] GC(6) Pause Young (Normal) (G1 Evacuation Pause) 190M->144M(1024M) 10.753ms
[2024-02-06T23:48:16.135+0000][gc,cpu        ] GC(6) User=0.01s Sys=0.00s Real=0.01s
[2024-02-06T23:49:33.201+0000][gc,start      ] GC(7) Pause Young (Normal) (G1 Evacuation Pause)
[2024-02-06T23:49:33.201+0000][gc,task       ] GC(7) Using 2 workers of 2 for evacuation
[2024-02-06T23:49:33.207+0000][gc,phases     ] GC(7)   Pre Evacuate Collection Set: 0.0ms
[2024-02-06T23:49:33.207+0000][gc,phases     ] GC(7)   Evacuate Collection Set: 5.4ms
[2024-02-06T23:49:33.207+0000][gc,phases     ] GC(7)   Post Evacuate Collection Set: 0.4ms
[2024-02-06T23:49:33.207+0000][gc,phases     ] GC(7)   Other: 0.2ms
[2024-02-06T23:49:33.207+0000][gc,heap       ] GC(7) Eden regions: 47->0(47)
[2024-02-06T23:49:33.207+0000][gc,heap       ] GC(7) Survivor regions: 4->4(7)
[2024-02-06T23:49:33.207+0000][gc,heap       ] GC(7) Old regions: 13->13
[2024-02-06T23:49:33.207+0000][gc,heap       ] GC(7) Humongous regions: 129->129
[2024-02-06T23:49:33.207+0000][gc,metaspace  ] GC(7) Metaspace: 39166K(41244K)->39166K(41244K) NonClass: 34145K(35328K)->34145K(35328K) Class: 5020K(5916K)->5020K(5916K)
[2024-02-06T23:49:33.207+0000][gc            ] GC(7) Pause Young (Normal) (G1 Evacuation Pause) 191M->144M(1024M) 6.094ms
[2024-02-06T23:49:33.207+0000][gc,cpu        ] GC(7) User=0.01s Sys=0.00s Real=0.00s
[2024-02-06T23:51:00.572+0000][gc,start      ] GC(8) Pause Young (Normal) (G1 Evacuation Pause)
[2024-02-06T23:51:00.572+0000][gc,task       ] GC(8) Using 2 workers of 2 for evacuation
[2024-02-06T23:51:00.577+0000][gc,phases     ] GC(8)   Pre Evacuate Collection Set: 0.0ms
[2024-02-06T23:51:00.578+0000][gc,phases     ] GC(8)   Evacuate Collection Set: 5.4ms
[2024-02-06T23:51:00.578+0000][gc,phases     ] GC(8)   Post Evacuate Collection Set: 0.3ms
[2024-02-06T23:51:00.578+0000][gc,phases     ] GC(8)   Other: 0.2ms
[2024-02-06T23:51:00.578+0000][gc,heap       ] GC(8) Eden regions: 47->0(47)
[2024-02-06T23:51:00.578+0000][gc,heap       ] GC(8) Survivor regions: 4->4(7)
[2024-02-06T23:51:00.578+0000][gc,heap       ] GC(8) Old regions: 13->13
[2024-02-06T23:51:00.578+0000][gc,heap       ] GC(8) Humongous regions: 129->129
[2024-02-06T23:51:00.578+0000][gc,metaspace  ] GC(8) Metaspace: 39245K(41244K)->39245K(41244K) NonClass: 34224K(35328K)->34224K(35328K) Class: 5020K(5916K)->5020K(5916K)
[2024-02-06T23:51:00.578+0000][gc            ] GC(8) Pause Young (Normal) (G1 Evacuation Pause) 191M->144M(1024M) 6.027ms
[2024-02-06T23:51:00.578+0000][gc,cpu        ] GC(8) User=0.01s Sys=0.00s Real=0.01s
[2024-02-06T23:53:33.384+0000][gc,start      ] GC(9) Pause Young (Normal) (G1 Evacuation Pause)
[2024-02-06T23:53:33.384+0000][gc,task       ] GC(9) Using 2 workers of 2 for evacuation
[2024-02-06T23:53:33.391+0000][gc,phases     ] GC(9)   Pre Evacuate Collection Set: 0.0ms
[2024-02-06T23:53:33.391+0000][gc,phases     ] GC(9)   Evacuate Collection Set: 6.1ms
[2024-02-06T23:53:33.391+0000][gc,phases     ] GC(9)   Post Evacuate Collection Set: 0.3ms
[2024-02-06T23:53:33.391+0000][gc,phases     ] GC(9)   Other: 0.6ms
[2024-02-06T23:53:33.391+0000][gc,heap       ] GC(9) Eden regions: 47->0(47)
[2024-02-06T23:53:33.391+0000][gc,heap       ] GC(9) Survivor regions: 4->4(7)
[2024-02-06T23:53:33.391+0000][gc,heap       ] GC(9) Old regions: 13->13
[2024-02-06T23:53:33.391+0000][gc,heap       ] GC(9) Humongous regions: 129->129
[2024-02-06T23:53:33.391+0000][gc,metaspace  ] GC(9) Metaspace: 39398K(41372K)->39398K(41372K) NonClass: 34369K(35328K)->34369K(35328K) Class: 5028K(6044K)->5028K(6044K)
[2024-02-06T23:53:33.391+0000][gc            ] GC(9) Pause Young (Normal) (G1 Evacuation Pause) 191M->144M(1024M) 7.273ms
[2024-02-06T23:53:33.391+0000][gc,cpu        ] GC(9) User=0.01s Sys=0.01s Real=0.01s
[2024-02-06T23:55:04.832+0000][gc,start      ] GC(10) Pause Young (Normal) (G1 Evacuation Pause)
[2024-02-06T23:55:04.832+0000][gc,task       ] GC(10) Using 2 workers of 2 for evacuation
[2024-02-06T23:55:04.838+0000][gc,phases     ] GC(10)   Pre Evacuate Collection Set: 0.0ms
[2024-02-06T23:55:04.839+0000][gc,phases     ] GC(10)   Evacuate Collection Set: 5.5ms
[2024-02-06T23:55:04.839+0000][gc,phases     ] GC(10)   Post Evacuate Collection Set: 0.4ms
[2024-02-06T23:55:04.839+0000][gc,phases     ] GC(10)   Other: 0.2ms
[2024-02-06T23:55:04.839+0000][gc,heap       ] GC(10) Eden regions: 47->0(47)
[2024-02-06T23:55:04.839+0000][gc,heap       ] GC(10) Survivor regions: 4->4(7)
[2024-02-06T23:55:04.839+0000][gc,heap       ] GC(10) Old regions: 13->13
[2024-02-06T23:55:04.839+0000][gc,heap       ] GC(10) Humongous regions: 129->129
[2024-02-06T23:55:04.839+0000][gc,metaspace  ] GC(10) Metaspace: 39455K(41628K)->39455K(41628K) NonClass: 34427K(35584K)->34427K(35584K) Class: 5028K(6044K)->5028K(6044K)
[2024-02-06T23:55:04.839+0000][gc            ] GC(10) Pause Young (Normal) (G1 Evacuation Pause) 191M->144M(1024M) 6.346ms
[2024-02-06T23:55:04.839+0000][gc,cpu        ] GC(10) User=0.01s Sys=0.00s Real=0.01s
[2024-02-06T23:56:34.839+0000][gc,start      ] GC(11) Pause Young (Normal) (G1 Evacuation Pause)
[2024-02-06T23:56:34.839+0000][gc,task       ] GC(11) Using 2 workers of 2 for evacuation
[2024-02-06T23:56:34.845+0000][gc,phases     ] GC(11)   Pre Evacuate Collection Set: 0.0ms
[2024-02-06T23:56:34.845+0000][gc,phases     ] GC(11)   Evacuate Collection Set: 5.7ms
[2024-02-06T23:56:34.845+0000][gc,phases     ] GC(11)   Post Evacuate Collection Set: 0.6ms
[2024-02-06T23:56:34.845+0000][gc,phases     ] GC(11)   Other: 0.2ms
[2024-02-06T23:56:34.845+0000][gc,heap       ] GC(11) Eden regions: 47->0(47)
[2024-02-06T23:56:34.845+0000][gc,heap       ] GC(11) Survivor regions: 4->4(7)
[2024-02-06T23:56:34.845+0000][gc,heap       ] GC(11) Old regions: 13->13
[2024-02-06T23:56:34.845+0000][gc,heap       ] GC(11) Humongous regions: 129->129
[2024-02-06T23:56:34.845+0000][gc,metaspace  ] GC(11) Metaspace: 39482K(41628K)->39482K(41628K) NonClass: 34453K(35584K)->34453K(35584K) Class: 5028K(6044K)->5028K(6044K)
[2024-02-06T23:56:34.845+0000][gc            ] GC(11) Pause Young (Normal) (G1 Evacuation Pause) 191M->144M(1024M) 6.843ms
[2024-02-06T23:56:34.845+0000][gc,cpu        ] GC(11) User=0.01s Sys=0.00s Real=0.00s
[2024-02-07T00:01:19.772+0000][gc,start      ] GC(12) Pause Young (Normal) (G1 Evacuation Pause)
[2024-02-07T00:01:19.772+0000][gc,task       ] GC(12) Using 2 workers of 2 for evacuation
[2024-02-07T00:01:19.778+0000][gc,phases     ] GC(12)   Pre Evacuate Collection Set: 0.0ms
[2024-02-07T00:01:19.779+0000][gc,phases     ] GC(12)   Evacuate Collection Set: 6.0ms
[2024-02-07T00:01:19.779+0000][gc,phases     ] GC(12)   Post Evacuate Collection Set: 0.6ms
[2024-02-07T00:01:19.779+0000][gc,phases     ] GC(12)   Other: 0.2ms
[2024-02-07T00:01:19.779+0000][gc,heap       ] GC(12) Eden regions: 47->0(47)
[2024-02-07T00:01:19.779+0000][gc,heap       ] GC(12) Survivor regions: 4->4(7)
[2024-02-07T00:01:19.779+0000][gc,heap       ] GC(12) Old regions: 13->13
[2024-02-07T00:01:19.779+0000][gc,heap       ] GC(12) Humongous regions: 129->129
[2024-02-07T00:01:19.779+0000][gc,metaspace  ] GC(12) Metaspace: 39607K(41628K)->39607K(41628K) NonClass: 34571K(35584K)->34571K(35584K) Class: 5036K(6044K)->5036K(6044K)
[2024-02-07T00:01:19.779+0000][gc            ] GC(12) Pause Young (Normal) (G1 Evacuation Pause) 191M->144M(1024M) 7.031ms
[2024-02-07T00:01:19.779+0000][gc,cpu        ] GC(12) User=0.01s Sys=0.00s Real=0.01s
[2024-02-07T00:05:03.582+0000][gc,start      ] GC(13) Pause Young (Normal) (G1 Evacuation Pause)
[2024-02-07T00:05:03.583+0000][gc,task       ] GC(13) Using 2 workers of 2 for evacuation
[2024-02-07T00:05:03.591+0000][gc,phases     ] GC(13)   Pre Evacuate Collection Set: 0.0ms
[2024-02-07T00:05:03.591+0000][gc,phases     ] GC(13)   Evacuate Collection Set: 7.9ms
[2024-02-07T00:05:03.591+0000][gc,phases     ] GC(13)   Post Evacuate Collection Set: 0.6ms
[2024-02-07T00:05:03.591+0000][gc,phases     ] GC(13)   Other: 0.6ms
[2024-02-07T00:05:03.591+0000][gc,heap       ] GC(13) Eden regions: 47->0(50)
[2024-02-07T00:05:03.591+0000][gc,heap       ] GC(13) Survivor regions: 4->4(7)
[2024-02-07T00:05:03.591+0000][gc,heap       ] GC(13) Old regions: 13->14
[2024-02-07T00:05:03.591+0000][gc,heap       ] GC(13) Humongous regions: 129->129
[2024-02-07T00:05:03.591+0000][gc,metaspace  ] GC(13) Metaspace: 39693K(41884K)->39693K(41884K) NonClass: 34656K(35840K)->34656K(35840K) Class: 5036K(6044K)->5036K(6044K)
[2024-02-07T00:05:03.591+0000][gc            ] GC(13) Pause Young (Normal) (G1 Evacuation Pause) 191M->144M(1024M) 9.315ms
[2024-02-07T00:05:03.592+0000][gc,cpu        ] GC(13) User=0.02s Sys=0.00s Real=0.01s
[2024-02-07T00:06:40.076+0000][gc,start      ] GC(14) Pause Young (Normal) (G1 Evacuation Pause)
[2024-02-07T00:06:40.076+0000][gc,task       ] GC(14) Using 2 workers of 2 for evacuation
[2024-02-07T00:06:40.082+0000][gc,phases     ] GC(14)   Pre Evacuate Collection Set: 0.0ms
[2024-02-07T00:06:40.082+0000][gc,phases     ] GC(14)   Evacuate Collection Set: 5.1ms
[2024-02-07T00:06:40.082+0000][gc,phases     ] GC(14)   Post Evacuate Collection Set: 0.7ms
[2024-02-07T00:06:40.082+0000][gc,phases     ] GC(14)   Other: 0.2ms
[2024-02-07T00:06:40.082+0000][gc,heap       ] GC(14) Eden regions: 50->0(58)
[2024-02-07T00:06:40.082+0000][gc,heap       ] GC(14) Survivor regions: 4->4(7)
[2024-02-07T00:06:40.082+0000][gc,heap       ] GC(14) Old regions: 14->14
[2024-02-07T00:06:40.082+0000][gc,heap       ] GC(14) Humongous regions: 129->129
[2024-02-07T00:06:40.082+0000][gc,metaspace  ] GC(14) Metaspace: 39721K(41884K)->39721K(41884K) NonClass: 34684K(35840K)->34684K(35840K) Class: 5036K(6044K)->5036K(6044K)
[2024-02-07T00:06:40.082+0000][gc            ] GC(14) Pause Young (Normal) (G1 Evacuation Pause) 194M->144M(1024M) 6.063ms
[2024-02-07T00:06:40.082+0000][gc,cpu        ] GC(14) User=0.01s Sys=0.00s Real=0.00s
[2024-02-07T00:09:48.896+0000][gc,start      ] GC(15) Pause Young (Normal) (G1 Evacuation Pause)
[2024-02-07T00:09:48.896+0000][gc,task       ] GC(15) Using 2 workers of 2 for evacuation
[2024-02-07T00:09:48.902+0000][gc,phases     ] GC(15)   Pre Evacuate Collection Set: 0.0ms
[2024-02-07T00:09:48.902+0000][gc,phases     ] GC(15)   Evacuate Collection Set: 5.2ms
[2024-02-07T00:09:48.902+0000][gc,phases     ] GC(15)   Post Evacuate Collection Set: 0.6ms
[2024-02-07T00:09:48.902+0000][gc,phases     ] GC(15)   Other: 0.2ms
[2024-02-07T00:09:48.902+0000][gc,heap       ] GC(15) Eden regions: 58->0(163)
[2024-02-07T00:09:48.902+0000][gc,heap       ] GC(15) Survivor regions: 4->3(8)
[2024-02-07T00:09:48.902+0000][gc,heap       ] GC(15) Old regions: 14->14
[2024-02-07T00:09:48.902+0000][gc,heap       ] GC(15) Humongous regions: 129->129
[2024-02-07T00:09:48.902+0000][gc,metaspace  ] GC(15) Metaspace: 39797K(41884K)->39797K(41884K) NonClass: 34760K(35840K)->34760K(35840K) Class: 5036K(6044K)->5036K(6044K)
[2024-02-07T00:09:48.902+0000][gc            ] GC(15) Pause Young (Normal) (G1 Evacuation Pause) 202M->144M(1024M) 6.215ms
[2024-02-07T00:09:48.902+0000][gc,cpu        ] GC(15) User=0.01s Sys=0.00s Real=0.01s
[2024-02-07T00:18:07.354+0000][gc,start      ] GC(16) Pause Young (Normal) (G1 Evacuation Pause)
[2024-02-07T00:18:07.354+0000][gc,task       ] GC(16) Using 2 workers of 2 for evacuation
[2024-02-07T00:18:07.362+0000][gc,phases     ] GC(16)   Pre Evacuate Collection Set: 0.0ms
[2024-02-07T00:18:07.362+0000][gc,phases     ] GC(16)   Evacuate Collection Set: 6.5ms
[2024-02-07T00:18:07.362+0000][gc,phases     ] GC(16)   Post Evacuate Collection Set: 0.7ms
[2024-02-07T00:18:07.362+0000][gc,phases     ] GC(16)   Other: 0.2ms
[2024-02-07T00:18:07.362+0000][gc,heap       ] GC(16) Eden regions: 162->0(163)
[2024-02-07T00:18:07.362+0000][gc,heap       ] GC(16) Survivor regions: 3->4(21)
[2024-02-07T00:18:07.362+0000][gc,heap       ] GC(16) Old regions: 14->14
[2024-02-07T00:18:07.362+0000][gc,heap       ] GC(16) Humongous regions: 129->129
[2024-02-07T00:18:07.362+0000][gc,metaspace  ] GC(16) Metaspace: 40270K(42524K)->40270K(42524K) NonClass: 35139K(36352K)->35139K(36352K) Class: 5131K(6172K)->5131K(6172K)
[2024-02-07T00:18:07.362+0000][gc            ] GC(16) Pause Young (Normal) (G1 Evacuation Pause) 306M->144M(1024M) 7.532ms
[2024-02-07T00:18:07.362+0000][gc,cpu        ] GC(16) User=0.01s Sys=0.01s Real=0.01s
[2024-02-07T00:18:07.790+0000][gc,heap,exit  ] Heap
[2024-02-07T00:18:07.790+0000][gc,heap,exit  ]  garbage-first heap   total 1048576K, used 153284K [0x00000000c0000000, 0x0000000100000000)
[2024-02-07T00:18:07.790+0000][gc,heap,exit  ]   region size 1024K, 10 young (10240K), 4 survivors (4096K)
[2024-02-07T00:18:07.790+0000][gc,heap,exit  ]  Metaspace       used 40581K, capacity 42645K, committed 42908K, reserved 1085440K
[2024-02-07T00:18:07.790+0000][gc,heap,exit  ]   class space    used 5204K, capacity 6177K, committed 6300K, reserved 1048576K
