[2024-02-03T20:53:59.968+0000][gc,heap] Heap region size: 1M
[2024-02-03T20:53:59.979+0000][gc     ] Using G1
[2024-02-03T20:53:59.979+0000][gc,heap,coops] Heap address: 0x00000000e0000000, size: 512 MB, Compressed Oops mode: 32-bit
[2024-02-03T20:53:59.980+0000][gc,cds       ] Mark closed archive regions in map: [0x00000000fff00000, 0x00000000fff6bff8]
[2024-02-03T20:53:59.980+0000][gc,cds       ] Mark open archive regions in map: [0x00000000ffe00000, 0x00000000ffe47ff8]
[2024-02-03T20:54:54.935+0000][gc,start     ] GC(0) Pause Young (Normal) (G1 Evacuation Pause)
[2024-02-03T20:54:54.935+0000][gc,task      ] GC(0) Using 2 workers of 2 for evacuation
[2024-02-03T20:54:54.945+0000][gc,phases    ] GC(0)   Pre Evacuate Collection Set: 0.0ms
[2024-02-03T20:54:54.945+0000][gc,phases    ] GC(0)   Evacuate Collection Set: 9.4ms
[2024-02-03T20:54:54.945+0000][gc,phases    ] GC(0)   Post Evacuate Collection Set: 0.2ms
[2024-02-03T20:54:54.945+0000][gc,phases    ] GC(0)   Other: 0.4ms
[2024-02-03T20:54:54.945+0000][gc,heap      ] GC(0) Eden regions: 25->0(21)
[2024-02-03T20:54:54.945+0000][gc,heap      ] GC(0) Survivor regions: 0->4(4)
[2024-02-03T20:54:54.945+0000][gc,heap      ] GC(0) Old regions: 2->4
[2024-02-03T20:54:54.945+0000][gc,heap      ] GC(0) Humongous regions: 0->0
[2024-02-03T20:54:54.945+0000][gc,metaspace ] GC(0) Metaspace: 7910K(8448K)->7910K(8448K) NonClass: 7020K(7424K)->7020K(7424K) Class: 889K(1024K)->889K(1024K)
[2024-02-03T20:54:54.945+0000][gc           ] GC(0) Pause Young (Normal) (G1 Evacuation Pause) 25M->5M(512M) 10.359ms
[2024-02-03T20:54:54.945+0000][gc,cpu       ] GC(0) User=0.01s Sys=0.01s Real=0.01s
[2024-02-03T21:04:30.988+0000][gc,heap,exit ] Heap
[2024-02-03T21:04:30.988+0000][gc,heap,exit ]  garbage-first heap   total 524288K, used 9155K [0x00000000e0000000, 0x0000000100000000)
[2024-02-03T21:04:30.988+0000][gc,heap,exit ]   region size 1024K, 8 young (8192K), 4 survivors (4096K)
[2024-02-03T21:04:30.989+0000][gc,heap,exit ]  Metaspace       used 8194K, capacity 8521K, committed 8704K, reserved 1056768K
[2024-02-03T21:04:30.989+0000][gc,heap,exit ]   class space    used 902K, capacity 1014K, committed 1024K, reserved 1048576K
