[2024-02-03T19:52:52.628+0000][gc,init] CardTable entry size: 512
[2024-02-03T19:52:52.628+0000][gc     ] Using G1
[2024-02-03T19:52:52.635+0000][gc,init] Version: 21.0.1+12-LTS (release)
[2024-02-03T19:52:52.635+0000][gc,init] CPUs: 2 total, 2 available
[2024-02-03T19:52:52.635+0000][gc,init] Memory: 7929M
[2024-02-03T19:52:52.635+0000][gc,init] Large Page Support: Disabled
[2024-02-03T19:52:52.635+0000][gc,init] NUMA Support: Disabled
[2024-02-03T19:52:52.635+0000][gc,init] Compressed Oops: Enabled (32-bit)
[2024-02-03T19:52:52.635+0000][gc,init] Heap Region Size: 1M
[2024-02-03T19:52:52.635+0000][gc,init] Heap Min Capacity: 512M
[2024-02-03T19:52:52.635+0000][gc,init] Heap Initial Capacity: 512M
[2024-02-03T19:52:52.635+0000][gc,init] Heap Max Capacity: 512M
[2024-02-03T19:52:52.635+0000][gc,init] Pre-touch: Disabled
[2024-02-03T19:52:52.635+0000][gc,init] Parallel Workers: 2
[2024-02-03T19:52:52.635+0000][gc,init] Concurrent Workers: 1
[2024-02-03T19:52:52.635+0000][gc,init] Concurrent Refinement Workers: 2
[2024-02-03T19:52:52.635+0000][gc,init] Periodic GC: Disabled
[2024-02-03T19:52:52.642+0000][gc,metaspace] CDS archive(s) mapped at: [0x00007f1a1b000000-0x00007f1a1bca8000-0x00007f1a1bca8000), size 13271040, SharedBaseAddress: 0x00007f1a1b000000, ArchiveRelocationMode: 1.
[2024-02-03T19:52:52.642+0000][gc,metaspace] Compressed class space mapped at: 0x00007f1a1c000000-0x00007f1a5c000000, reserved size: 1073741824
[2024-02-03T19:52:52.642+0000][gc,metaspace] Narrow klass base: 0x00007f1a1b000000, Narrow klass shift: 0, Narrow klass range: 0x100000000
[2024-02-03T19:53:33.899+0000][gc,heap,exit] Heap
[2024-02-03T19:53:33.899+0000][gc,heap,exit]  garbage-first heap   total 524288K, used 25629K [0x00000000e0000000, 0x0000000100000000)
[2024-02-03T19:53:33.899+0000][gc,heap,exit]   region size 1024K, 24 young (24576K), 0 survivors (0K)
[2024-02-03T19:53:33.899+0000][gc,heap,exit]  Metaspace       used 8429K, committed 8704K, reserved 1114112K
[2024-02-03T19:53:33.899+0000][gc,heap,exit]   class space    used 884K, committed 1024K, reserved 1048576K
