[2024-02-06T18:54:39.673+0000][gc,heap] Heap region size: 1M
[2024-02-06T18:54:39.683+0000][gc     ] Using G1
[2024-02-06T18:54:39.683+0000][gc,heap,coops] Heap address: 0x00000000e0000000, size: 512 MB, Compressed Oops mode: 32-bit
[2024-02-06T18:54:39.684+0000][gc,cds       ] Mark closed archive regions in map: [0x00000000fff00000, 0x00000000fff6bff8]
[2024-02-06T18:54:39.684+0000][gc,cds       ] Mark open archive regions in map: [0x00000000ffe00000, 0x00000000ffe47ff8]
[2024-02-06T18:54:57.791+0000][gc,start     ] GC(0) Pause Young (Normal) (G1 Evacuation Pause)
[2024-02-06T18:54:57.792+0000][gc,task      ] GC(0) Using 2 workers of 2 for evacuation
[2024-02-06T18:54:57.810+0000][gc,phases    ] GC(0)   Pre Evacuate Collection Set: 0.0ms
[2024-02-06T18:54:57.810+0000][gc,phases    ] GC(0)   Evacuate Collection Set: 17.6ms
[2024-02-06T18:54:57.810+0000][gc,phases    ] GC(0)   Post Evacuate Collection Set: 0.3ms
[2024-02-06T18:54:57.810+0000][gc,phases    ] GC(0)   Other: 1.2ms
[2024-02-06T18:54:57.810+0000][gc,heap      ] GC(0) Eden regions: 25->0(21)
[2024-02-06T18:54:57.810+0000][gc,heap      ] GC(0) Survivor regions: 0->4(4)
[2024-02-06T18:54:57.810+0000][gc,heap      ] GC(0) Old regions: 2->4
[2024-02-06T18:54:57.810+0000][gc,heap      ] GC(0) Humongous regions: 0->0
[2024-02-06T18:54:57.810+0000][gc,metaspace ] GC(0) Metaspace: 7834K(8448K)->7834K(8448K) NonClass: 6950K(7424K)->6950K(7424K) Class: 884K(1024K)->884K(1024K)
[2024-02-06T18:54:57.810+0000][gc           ] GC(0) Pause Young (Normal) (G1 Evacuation Pause) 25M->6M(512M) 19.467ms
[2024-02-06T18:54:57.810+0000][gc,cpu       ] GC(0) User=0.02s Sys=0.00s Real=0.02s
[2024-02-06T21:41:40.884+0000][gc,heap,exit ] Heap
[2024-02-06T21:41:40.884+0000][gc,heap,exit ]  garbage-first heap   total 524288K, used 17467K [0x00000000e0000000, 0x0000000100000000)
[2024-02-06T21:41:40.884+0000][gc,heap,exit ]   region size 1024K, 16 young (16384K), 4 survivors (4096K)
[2024-02-06T21:41:40.884+0000][gc,heap,exit ]  Metaspace       used 8473K, capacity 8769K, committed 8960K, reserved 1056768K
[2024-02-06T21:41:40.884+0000][gc,heap,exit ]   class space    used 900K, capacity 1014K, committed 1024K, reserved 1048576K
